Component: ARM Compiler 5.06 update 7 (build 960) Tool: armlink [4d3601]

==============================================================================

Section Cross References

    main.o(i.InitHardware) refers to system_stm32f10x.o(i.SystemInit) for SystemInit
    main.o(i.InitHardware) refers to rcc.o(i.InitRCC) for InitRCC
    main.o(i.InitHardware) refers to nvic.o(i.InitNVIC) for InitNVIC
    main.o(i.InitHardware) refers to uart1.o(i.InitUART1) for InitUART1
    main.o(i.InitHardware) refers to timer.o(i.InitTimer) for InitTimer
    main.o(i.InitHardware) refers to led.o(i.InitLED) for InitLED
    main.o(i.InitHardware) refers to systick.o(i.InitSysTick) for InitSysTick
    main.o(i.InitHardware) refers to dac.o(i.InitDAC) for InitDAC
    main.o(i.InitHardware) refers to adc.o(i.InitADC) for InitADC
    main.o(i.InitHardware) refers to prockeyone.o(i.InitProcKeyOne) for InitProcKeyOne
    main.o(i.InitHardware) refers to keyone.o(i.InitKeyOne) for InitKeyOne
    main.o(i.InitHardware) refers to spo2.o(i.SPO2_Init) for SPO2_Init
    main.o(i.InitSoftware) refers to filter.o(i.InitFilter) for InitFilter
    main.o(i.Proc1SecTask) refers to timer.o(i.Get1SecFlag) for Get1SecFlag
    main.o(i.Proc1SecTask) refers to timer.o(i.Clr1SecFlag) for Clr1SecFlag
    main.o(i.Proc2msTask) refers to timer.o(i.Get2msFlag) for Get2msFlag
    main.o(i.Proc2msTask) refers to uart1.o(i.ReadUART1) for ReadUART1
    main.o(i.Proc2msTask) refers to spo2.o(i.SPO2_Task) for SPO2_Task
    main.o(i.Proc2msTask) refers to led.o(i.LEDFlicker) for LEDFlicker
    main.o(i.Proc2msTask) refers to keyone.o(i.ScanKeyTask) for ScanKeyTask
    main.o(i.Proc2msTask) refers to timer.o(i.Clr2msFlag) for Clr2msFlag
    main.o(i.main) refers to main.o(i.InitSoftware) for InitSoftware
    main.o(i.main) refers to main.o(i.InitHardware) for InitHardware
    main.o(i.main) refers to printfa.o(i.__0printf) for __2printf
    main.o(i.main) refers to main.o(i.Proc2msTask) for Proc2msTask
    main.o(i.main) refers to main.o(i.Proc1SecTask) for Proc1SecTask
    keyone.o(i.ConfigKeyOneGPIO) refers to stm32f10x_rcc.o(i.RCC_APB2PeriphClockCmd) for RCC_APB2PeriphClockCmd
    keyone.o(i.ConfigKeyOneGPIO) refers to stm32f10x_gpio.o(i.GPIO_Init) for GPIO_Init
    keyone.o(i.InitKeyOne) refers to keyone.o(i.ConfigKeyOneGPIO) for ConfigKeyOneGPIO
    keyone.o(i.InitKeyOne) refers to keyone.o(.data) for s_arrKeyDownLevel
    keyone.o(i.ScanKeyOne) refers to stm32f10x_gpio.o(i.GPIO_ReadInputDataBit) for GPIO_ReadInputDataBit
    keyone.o(i.ScanKeyOne) refers to keyone.o(.data) for s_arrKeyVal
    keyone.o(i.ScanKeyTask) refers to keyone.o(i.ScanKeyOne) for ScanKeyOne
    keyone.o(i.ScanKeyTask) refers to keyone.o(.data) for s_iCnt5
    keyone.o(i.ScanKeyTask) refers to prockeyone.o(i.ProcKeyDownKey1) for ProcKeyDownKey1
    keyone.o(i.ScanKeyTask) refers to prockeyone.o(i.ProcKeyUpKey1) for ProcKeyUpKey1
    keyone.o(i.ScanKeyTask) refers to prockeyone.o(i.ProcKeyDownKey2) for ProcKeyDownKey2
    keyone.o(i.ScanKeyTask) refers to prockeyone.o(i.ProcKeyUpKey2) for ProcKeyUpKey2
    keyone.o(i.ScanKeyTask) refers to prockeyone.o(i.ProcKeyDownKey3) for ProcKeyDownKey3
    keyone.o(i.ScanKeyTask) refers to prockeyone.o(i.ProcKeyUpKey3) for ProcKeyUpKey3
    led.o(i.ConfigLEDGPIO) refers to stm32f10x_rcc.o(i.RCC_APB2PeriphClockCmd) for RCC_APB2PeriphClockCmd
    led.o(i.ConfigLEDGPIO) refers to stm32f10x_gpio.o(i.GPIO_Init) for GPIO_Init
    led.o(i.ConfigLEDGPIO) refers to stm32f10x_gpio.o(i.GPIO_WriteBit) for GPIO_WriteBit
    led.o(i.InitLED) refers to led.o(i.ConfigLEDGPIO) for ConfigLEDGPIO
    led.o(i.LEDFlicker) refers to stm32f10x_gpio.o(i.GPIO_ReadOutputDataBit) for GPIO_ReadOutputDataBit
    led.o(i.LEDFlicker) refers to stm32f10x_gpio.o(i.GPIO_WriteBit) for GPIO_WriteBit
    led.o(i.LEDFlicker) refers to led.o(.data) for s_iCnt
    filter.o(i.BaselineFilterTask_IR) refers to fmul.o(.text) for __aeabi_fmul
    filter.o(i.BaselineFilterTask_IR) refers to fadd.o(.text) for __aeabi_fsub
    filter.o(i.BaselineFilterTask_IR) refers to filter.o(.bss) for b1
    filter.o(i.BaselineFilterTask_RED) refers to fmul.o(.text) for __aeabi_fmul
    filter.o(i.BaselineFilterTask_RED) refers to fadd.o(.text) for __aeabi_fsub
    filter.o(i.BaselineFilterTask_RED) refers to filter.o(.bss) for b1
    filter.o(i.InitFilter) refers to filter.o(i.SPO2_Filter_Smooth_Init) for SPO2_Filter_Smooth_Init
    filter.o(i.InitFilter) refers to arm_biquad_cascade_df1_init_f32.o(.text) for arm_biquad_cascade_df1_init_f32
    filter.o(i.InitFilter) refers to filter.o(.bss) for SPO2_Filter_RED_Smooth
    filter.o(i.InitFilter) refers to filter.o(.constdata) for SPO2_Filter_Coeffs
    filter.o(i.SPO2_Filter_Smooth) refers to fadd.o(.text) for __aeabi_fsub
    filter.o(i.SPO2_Filter_Smooth) refers to fdiv.o(.text) for __aeabi_fdiv
    filter.o(i.SPO2_IR_Filter) refers to filter.o(i.SPO2_IR_Filter_IIR) for SPO2_IR_Filter_IIR
[...]
    i.EnU16Queue                             0x08001992   Section        0  u16queue.o(i.EnU16Queue)
    i.FLASH_PrefetchBufferCmd                0x080019e0   Section        0  stm32f10x_flash.o(i.FLASH_PrefetchBufferCmd)
    i.FLASH_SetLatency                       0x080019fc   Section        0  stm32f10x_flash.o(i.FLASH_SetLatency)
    i.GPIO_Init                              0x08001a14   Section        0  stm32f10x_gpio.o(i.GPIO_Init)
    i.GPIO_ReadInputDataBit                  0x08001b2a   Section        0  stm32f10x_gpio.o(i.GPIO_ReadInputDataBit)
    i.GPIO_ReadOutputDataBit                 0x08001b3c   Section        0  stm32f10x_gpio.o(i.GPIO_ReadOutputDataBit)
    i.GPIO_WriteBit                          0x08001b4e   Section        0  stm32f10x_gpio.o(i.GPIO_WriteBit)
    i.Get1SecFlag                            0x08001b58   Section        0  timer.o(i.Get1SecFlag)
    i.Get2msFlag                             0x08001b64   Section        0  timer.o(i.Get2msFlag)
    i.HardFault_Handler                      0x08001b70   Section        0  stm32f10x_it.o(i.HardFault_Handler)
    i.InitADC                                0x08001b74   Section        0  adc.o(i.InitADC)
    i.InitDAC                                0x08001b9c   Section        0  dac.o(i.InitDAC)
    i.InitFilter                             0x08001ba4   Section        0  filter.o(i.InitFilter)
    i.InitHardware                           0x08001be8   Section        0  main.o(i.InitHardware)
    InitHardware                             0x08001be9   Thumb Code    56  main.o(i.InitHardware)
    i.InitKeyOne                             0x08001c20   Section        0  keyone.o(i.InitKeyOne)
    i.InitLED                                0x08001c38   Section        0  led.o(i.InitLED)
    i.InitNVIC                               0x08001c40   Section        0  nvic.o(i.InitNVIC)
    i.InitProcKeyOne                         0x08001c48   Section        0  prockeyone.o(i.InitProcKeyOne)
    i.InitQueue                              0x08001c4a   Section        0  queue.o(i.InitQueue)
    i.InitRCC                                0x08001c6e   Section        0  rcc.o(i.InitRCC)
    i.InitSoftware                           0x08001c76   Section        0  main.o(i.InitSoftware)
    InitSoftware                             0x08001c77   Thumb Code     8  main.o(i.InitSoftware)
    i.InitSysTick                            0x08001c80   Section        0  systick.o(i.InitSysTick)
    i.InitTimer                              0x08001ce8   Section        0  timer.o(i.InitTimer)
    i.InitU16Queue                           0x08001d00   Section        0  u16queue.o(i.InitU16Queue)
    i.InitUART1                              0x08001d26   Section        0  uart1.o(i.InitUART1)
    i.InitUARTBuf                            0x08001d38   Section        0  uart1.o(i.InitUARTBuf)
    InitUARTBuf                              0x08001d39   Thumb Code    46  uart1.o(i.InitUARTBuf)
    i.LEDFlicker                             0x08001d78   Section        0  led.o(i.LEDFlicker)
    i.MemManage_Handler                      0x08001db4   Section        0  stm32f10x_it.o(i.MemManage_Handler)
    i.NMI_Handler                            0x08001db8   Section        0  stm32f10x_it.o(i.NMI_Handler)
    i.NVIC_ClearPendingIRQ                   0x08001dbc   Section        0  uart1.o(i.NVIC_ClearPendingIRQ)
    NVIC_ClearPendingIRQ                     0x08001dbd   Thumb Code    18  uart1.o(i.NVIC_ClearPendingIRQ)
    i.NVIC_Init                              0x08001dd4   Section        0  misc.o(i.NVIC_Init)
    i.NVIC_PriorityGroupConfig               0x08001e44   Section        0  misc.o(i.NVIC_PriorityGroupConfig)
    i.PendSV_Handler                         0x08001e58   Section        0  stm32f10x_it.o(i.PendSV_Handler)
    i.Proc1SecTask                           0x08001e5a   Section        0  main.o(i.Proc1SecTask)
    Proc1SecTask                             0x08001e5b   Thumb Code    14  main.o(i.Proc1SecTask)
    i.Proc2msTask                            0x08001e68   Section        0  main.o(i.Proc2msTask)
    Proc2msTask                              0x08001e69   Thumb Code    36  main.o(i.Proc2msTask)
    i.ProcKeyDownKey1                        0x08001e8c   Section        0  prockeyone.o(i.ProcKeyDownKey1)
    i.ProcKeyDownKey2                        0x08001ecc   Section        0  prockeyone.o(i.ProcKeyDownKey2)
    i.ProcKeyDownKey3                        0x08001f0c   Section        0  prockeyone.o(i.ProcKeyDownKey3)
    i.ProcKeyUpKey1                          0x08001f0e   Section        0  prockeyone.o(i.ProcKeyUpKey1)
    i.ProcKeyUpKey2                          0x08001f10   Section        0  prockeyone.o(i.ProcKeyUpKey2)
    i.ProcKeyUpKey3                          0x08001f12   Section        0  prockeyone.o(i.ProcKeyUpKey3)
    i.QueueEmpty                             0x08001f14   Section        0  queue.o(i.QueueEmpty)
    i.RCC_ADCCLKConfig                       0x08001f24   Section        0  stm32f10x_rcc.o(i.RCC_ADCCLKConfig)
    i.RCC_AHBPeriphClockCmd                  0x08001f3c   Section        0  stm32f10x_rcc.o(i.RCC_AHBPeriphClockCmd)
    i.RCC_APB1PeriphClockCmd                 0x08001f5c   Section        0  stm32f10x_rcc.o(i.RCC_APB1PeriphClockCmd)
    i.RCC_APB2PeriphClockCmd                 0x08001f7c   Section        0  stm32f10x_rcc.o(i.RCC_APB2PeriphClockCmd)
    i.RCC_DeInit                             0x08001f9c   Section        0  stm32f10x_rcc.o(i.RCC_DeInit)
    i.RCC_GetClocksFreq                      0x08001fe8   Section        0  stm32f10x_rcc.o(i.RCC_GetClocksFreq)
    i.RCC_GetFlagStatus                      0x080020bc   Section        0  stm32f10x_rcc.o(i.RCC_GetFlagStatus)
    i.RCC_GetSYSCLKSource                    0x080020f8   Section        0  stm32f10x_rcc.o(i.RCC_GetSYSCLKSource)
    i.RCC_HCLKConfig                         0x08002108   Section        0  stm32f10x_rcc.o(i.RCC_HCLKConfig)
    i.RCC_HSEConfig                          0x08002120   Section        0  stm32f10x_rcc.o(i.RCC_HSEConfig)
    i.RCC_PCLK1Config                        0x0800216c   Section        0  stm32f10x_rcc.o(i.RCC_PCLK1Config)
    i.RCC_PCLK2Config                        0x08002184   Section        0  stm32f10x_rcc.o(i.RCC_PCLK2Config)
    i.RCC_PLLCmd                             0x0800219c   Section        0  stm32f10x_rcc.o(i.RCC_PLLCmd)
    i.RCC_PLLConfig                          0x080021a8   Section        0  stm32f10x_rcc.o(i.RCC_PLLConfig)
    i.RCC_SYSCLKConfig                       0x080021c4   Section        0  stm32f10x_rcc.o(i.RCC_SYSCLKConfig)
    i.RCC_WaitForHSEStartUp                  0x080021dc   Section        0  stm32f10x_rcc.o(i.RCC_WaitForHSEStartUp)
    i.ReadADCBuf                             0x08002214   Section        0  adc.o(i.ReadADCBuf)
    i.ReadSendBuf                            0x08002230   Section        0  uart1.o(i.ReadSendBuf)
    ReadSendBuf                              0x08002231   Thumb Code    22  uart1.o(i.ReadSendBuf)
    i.ReadUART1                              0x0800224c   Section        0  uart1.o(i.ReadUART1)
    i.SPO2_ADC_Read_IR                       0x08002268   Section        0  spo2.o(i.SPO2_ADC_Read_IR)
    SPO2_ADC_Read_IR                         0x08002269   Thumb Code    56  spo2.o(i.SPO2_ADC_Read_IR)
    i.SPO2_ADC_Read_RED                      0x080022ac   Section        0  spo2.o(i.SPO2_ADC_Read_RED)
    SPO2_ADC_Read_RED                        0x080022ad   Thumb Code    56  spo2.o(i.SPO2_ADC_Read_RED)
    i.SPO2_Calculate                         0x080022f0   Section        0  spo2_heartrate_calculate.o(i.SPO2_Calculate)
    i.SPO2_DAC_Adjust                        0x08002318   Section        0  spo2_adjust.o(i.SPO2_DAC_Adjust)
    i.SPO2_Filter_Smooth                     0x0800234c   Section        0  filter.o(i.SPO2_Filter_Smooth)
    i.SPO2_Filter_Smooth_Init                0x08002390   Section        0  filter.o(i.SPO2_Filter_Smooth_Init)
    i.SPO2_FingerOFF_Check                   0x080023ac   Section        0  spo2_adjust.o(i.SPO2_FingerOFF_Check)
    i.SPO2_Get_spo2_From_R                   0x08002458   Section        0  spo2_heartrate_calculate.o(i.SPO2_Get_spo2_From_R)
    i.SPO2_HR_Cal                            0x080024dc   Section        0  spo2_heartrate_calculate.o(i.SPO2_HR_Cal)
    i.SPO2_HR_FindMid                        0x08002520   Section        0  spo2_heartrate_calculate.o(i.SPO2_HR_FindMid)
    i.SPO2_HR_FindPeak                       0x08002570   Section        0  spo2_heartrate_calculate.o(i.SPO2_HR_FindPeak)
    i.SPO2_HR_FindReference                  0x08002618   Section        0  spo2_heartrate_calculate.o(i.SPO2_HR_FindReference)
    i.SPO2_HR_MinMax_Robust                  0x08002678   Section        0  spo2_heartrate_calculate.o(i.SPO2_HR_MinMax_Robust)
    i.SPO2_HeartRate_Calculate               0x08002758   Section        0  spo2_heartrate_calculate.o(i.SPO2_HeartRate_Calculate)
    i.SPO2_IR_Filter                         0x08002798   Section        0  filter.o(i.SPO2_IR_Filter)
    i.SPO2_IR_Filter_IIR                     0x080027dc   Section        0  filter.o(i.SPO2_IR_Filter_IIR)
    i.SPO2_Init                              0x08002814   Section        0  spo2.o(i.SPO2_Init)
    i.SPO2_LEADOFF_Check                     0x080028b0   Section        0  spo2_adjust.o(i.SPO2_LEADOFF_Check)
    i.SPO2_LEAD_SendERROR                    0x080028cc   Section        0  spo2_adjust.o(i.SPO2_LEAD_SendERROR)
    i.SPO2_Light_Change                      0x08002978   Section        0  spo2.o(i.SPO2_Light_Change)
    i.SPO2_Light_Switch                      0x080029bc   Section        0  spo2.o(i.SPO2_Light_Switch)
    i.SPO2_ProbeOFF_Check                    0x08002aac   Section        0  spo2_adjust.o(i.SPO2_ProbeOFF_Check)
    i.SPO2_RED_Filter                        0x08002b58   Section        0  filter.o(i.SPO2_RED_Filter)
    i.SPO2_RED_Filter_IIR                    0x08002b9c   Section        0  filter.o(i.SPO2_RED_Filter_IIR)
    i.SPO2_ResetAdj                          0x08002bd4   Section        0  spo2_adjust.o(i.SPO2_ResetAdj)
    i.SPO2_RoughAdj                          0x08002c2c   Section        0  spo2_adjust.o(i.SPO2_RoughAdj)
    i.SPO2_Send                              0x08002d18   Section        0  spo2_heartrate_calculate.o(i.SPO2_Send)
    i.SPO2_SetDAC                            0x08002d7c   Section        0  dac.o(i.SPO2_SetDAC)
    i.SPO2_StartInfo_Change                  0x08002d94   Section        0  spo2.o(i.SPO2_StartInfo_Change)
    i.SPO2_StartInfo_Get                     0x08002db8   Section        0  spo2.o(i.SPO2_StartInfo_Get)
    i.SPO2_Start_Check                       0x08002dc4   Section        0  spo2.o(i.SPO2_Start_Check)
    SPO2_Start_Check                         0x08002dc5   Thumb Code    84  spo2.o(i.SPO2_Start_Check)
    i.SPO2_Task                              0x08002e5c   Section        0  spo2.o(i.SPO2_Task)
    i.SPO2_Wave_Send                         0x08002ee8   Section        0  spo2.o(i.SPO2_Wave_Send)
    SPO2_Wave_Send                           0x08002ee9   Thumb Code    80  spo2.o(i.SPO2_Wave_Send)
    i.SPO2_spo2_Calculate                    0x08002f50   Section        0  spo2_heartrate_calculate.o(i.SPO2_spo2_Calculate)
    i.SPO2_spo2_SmoothR                      0x08002f70   Section        0  spo2_heartrate_calculate.o(i.SPO2_spo2_SmoothR)
    i.SPO2_spo2_singleR                      0x08002fcc   Section        0  spo2_heartrate_calculate.o(i.SPO2_spo2_singleR)
    i.SVC_Handler                            0x08003020   Section        0  stm32f10x_it.o(i.SVC_Handler)
    i.ScanKeyOne                             0x08003024   Section        0  keyone.o(i.ScanKeyOne)
    i.ScanKeyTask                            0x080030d8   Section        0  keyone.o(i.ScanKeyTask)
    i.SendCharUsedByFputc                    0x0800312c   Section        0  uart1.o(i.SendCharUsedByFputc)
    SendCharUsedByFputc                      0x0800312d   Thumb Code    28  uart1.o(i.SendCharUsedByFputc)
    i.SetSysClock                            0x0800314c   Section        0  system_stm32f10x.o(i.SetSysClock)
    SetSysClock                              0x0800314d   Thumb Code     8  system_stm32f10x.o(i.SetSysClock)
    i.SetSysClockTo72                        0x08003154   Section        0  system_stm32f10x.o(i.SetSysClockTo72)
    SetSysClockTo72                          0x08003155   Thumb Code   214  system_stm32f10x.o(i.SetSysClockTo72)
    i.Sliding_Avg_Cal                        0x08003234   Section        0  spo2_adjust.o(i.Sliding_Avg_Cal)
    i.SysTick_Handler                        0x080032c4   Section        0  systick.o(i.SysTick_Handler)
    i.SystemInit                             0x080032cc   Section        0  system_stm32f10x.o(i.SystemInit)
    i.TIM2_IRQHandler                        0x0800332c   Section        0  timer.o(i.TIM2_IRQHandler)
    i.TIM3_IRQHandler                        0x08003368   Section        0  adc.o(i.TIM3_IRQHandler)
    i.TIM5_IRQHandler                        0x08003390   Section        0  timer.o(i.TIM5_IRQHandler)
    i.TIM_ClearITPendingBit                  0x080033d8   Section        0  stm32f10x_tim.o(i.TIM_ClearITPendingBit)
    i.TIM_Cmd                                0x080033de   Section        0  stm32f10x_tim.o(i.TIM_Cmd)
    i.TIM_GetITStatus                        0x080033f6   Section        0  stm32f10x_tim.o(i.TIM_GetITStatus)
    i.TIM_ITConfig                           0x08003418   Section        0  stm32f10x_tim.o(i.TIM_ITConfig)
    i.TIM_SelectOutputTrigger                0x0800342a   Section        0  stm32f10x_tim.o(i.TIM_SelectOutputTrigger)
    i.TIM_TimeBaseInit                       0x0800343c   Section        0  stm32f10x_tim.o(i.TIM_TimeBaseInit)
    i.TimDelayDec                            0x080034e0   Section        0  systick.o(i.TimDelayDec)
    TimDelayDec                              0x080034e1   Thumb Code    18  systick.o(i.TimDelayDec)
    i.USART1_IRQHandler                      0x080034f8   Section        0  uart1.o(i.USART1_IRQHandler)
    i.USART_ClearFlag                        0x08003590   Section        0  stm32f10x_usart.o(i.USART_ClearFlag)
    i.USART_ClearITPendingBit                0x080035a2   Section        0  stm32f10x_usart.o(i.USART_ClearITPendingBit)
    i.USART_Cmd                              0x080035c0   Section        0  stm32f10x_usart.o(i.USART_Cmd)
    i.USART_GetFlagStatus                    0x080035d8   Section        0  stm32f10x_usart.o(i.USART_GetFlagStatus)
    i.USART_GetITStatus                      0x080035f2   Section        0  stm32f10x_usart.o(i.USART_GetITStatus)
    i.USART_ITConfig                         0x08003646   Section        0  stm32f10x_usart.o(i.USART_ITConfig)
    i.USART_Init                             0x08003690   Section        0  stm32f10x_usart.o(i.USART_Init)
    i.USART_ReceiveData                      0x08003768   Section        0  stm32f10x_usart.o(i.USART_ReceiveData)
    i.USART_SendData                         0x08003772   Section        0  stm32f10x_usart.o(i.USART_SendData)
    i.USART_StructInit                       0x0800377a   Section        0  stm32f10x_usart.o(i.USART_StructInit)
    i.UsageFault_Handler                     0x08003792   Section        0  stm32f10x_it.o(i.UsageFault_Handler)
    i.WriteADCBuf                            0x08003798   Section        0  adc.o(i.WriteADCBuf)
    i.WriteReceiveBuf                        0x080037b0   Section        0  uart1.o(i.WriteReceiveBuf)
    WriteReceiveBuf                          0x080037b1   Thumb Code    20  uart1.o(i.WriteReceiveBuf)
    i.__0printf                              0x080037c8   Section        0  printfa.o(i.__0printf)
    i.__scatterload_copy                     0x080037e8   Section       14  handlers.o(i.__scatterload_copy)
    i.__scatterload_null                     0x080037f6   Section        2  handlers.o(i.__scatterload_null)
    i.__scatterload_zeroinit                 0x080037f8   Section       14  handlers.o(i.__scatterload_zeroinit)
    i._fp_digits                             0x08003808   Section        0  printfa.o(i._fp_digits)
    _fp_digits                               0x08003809   Thumb Code   366  printfa.o(i._fp_digits)
    i._printf_core                           0x0800398c   Section        0  printfa.o(i._printf_core)
    _printf_core                             0x0800398d   Thumb Code  1704  printfa.o(i._printf_core)
    i._printf_post_padding                   0x08004040   Section        0  printfa.o(i._printf_post_padding)
    _printf_post_padding                     0x08004041   Thumb Code    36  printfa.o(i._printf_post_padding)
    i._printf_pre_padding                    0x08004064   Section        0  printfa.o(i._printf_pre_padding)
    _printf_pre_padding                      0x08004065   Thumb Code    46  printfa.o(i._printf_pre_padding)
    i.fputc                                  0x08004092   Section        0  uart1.o(i.fputc)
    i.main                                   0x080040a4   Section        0  main.o(i.main)
    .constdata                               0x080040e4   Section       44  filter.o(.constdata)
    .constdata                               0x08004110   Section      168  spo2_heartrate_calculate.o(.constdata)
    .data                                    0x20000000   Section       10  keyone.o(.data)
    s_arrKeyDownLevel                        0x20000000   Data           3  keyone.o(.data)
    s_arrKeyVal                              0x20000003   Data           3  keyone.o(.data)
    s_arrKeyFlag                             0x20000006   Data           3  keyone.o(.data)
    s_iCnt5                                  0x20000009   Data           1  keyone.o(.data)
    .data                                    0x2000000a   Section        2  led.o(.data)
    s_iCnt                                   0x2000000a   Data           2  led.o(.data)
    .data                                    0x2000000c   Section        1  filter.o(.data)
    .data                                    0x20000010   Section       24  spo2.o(.data)
    SPO2_START_INFO                          0x20000012   Data           1  spo2.o(.data)
    SPO2_START_FLAG                          0x2000001c   Data           1  spo2.o(.data)
    SPO2_TM_counter                          0x2000001d   Data           1  spo2.o(.data)
    SPO2_TM_counter                          0x2000001e   Data           1  spo2.o(.data)
    SPO2_TM_counter                          0x2000001f   Data           1  spo2.o(.data)
    test_point                               0x20000020   Data           1  spo2.o(.data)
    i                                        0x20000024   Data           4  spo2.o(.data)
    .data                                    0x20000028   Section       28  spo2_heartrate_calculate.o(.data)
    SPO2_HeartRate                           0x20000028   Data           4  spo2_heartrate_calculate.o(.data)
    SPO2_spo2_R_ValueBuff                    0x2000002c   Data          16  spo2_heartrate_calculate.o(.data)
    SPO2_spo2                                0x2000003c   Data           4  spo2_heartrate_calculate.o(.data)
    History_Idx                              0x20000040   Data           4  spo2_heartrate_calculate.o(.data)
    .data                                    0x20000044   Section       60  spo2_adjust.o(.data)
    SPO2_ProbeOff_Cnt                        0x20000070   Data           4  spo2_adjust.o(.data)
    SPO2_ProbeOn_Cnt                         0x20000074   Data           4  spo2_adjust.o(.data)
    SPO2_FingerOff_Cnt                       0x20000078   Data           4  spo2_adjust.o(.data)
    SPO2_FingerOn_Cnt                        0x2000007c   Data           4  spo2_adjust.o(.data)
    .data                                    0x20000080   Section        6  timer.o(.data)
    s_i2msFlag                               0x20000080   Data           1  timer.o(.data)
    s_i1secFlag                              0x20000081   Data           1  timer.o(.data)
    s_iCnt2                                  0x20000082   Data           2  timer.o(.data)
    s_iCnt1000                               0x20000084   Data           2  timer.o(.data)
    .data                                    0x20000086   Section        1  uart1.o(.data)
    s_iUARTTxSts                             0x20000086   Data           1  uart1.o(.data)
    .data                                    0x20000088   Section        2  adc.o(.data)
    s_arrADC1Data                            0x20000088   Data           2  adc.o(.data)
    .data                                    0x2000008a   Section       20  stm32f10x_rcc.o(.data)
    APBAHBPrescTable                         0x2000008a   Data          16  stm32f10x_rcc.o(.data)
    ADCPrescTable                            0x2000009a   Data           4  stm32f10x_rcc.o(.data)
    .data                                    0x200000a0   Section        4  systick.o(.data)
    s_iTimDelayCnt                           0x200000a0   Data           4  systick.o(.data)
    .data                                    0x200000a4   Section       20  system_stm32f10x.o(.data)
    .data                                    0x200000b8   Section        4  stdout.o(.data)
    .bss                                     0x200000bc   Section      296  filter.o(.bss)
    SPO2_RED_Filter_inst                     0x200000fc   Data          12  filter.o(.bss)
    SPO2_IR_Filter_inst                      0x20000108   Data          12  filter.o(.bss)
    SPO2_RED_Filter_state                    0x20000114   Data          32  filter.o(.bss)
    SPO2_IR_Filter_state                     0x20000134   Data          32  filter.o(.bss)
    b1                                       0x20000154   Data          12  filter.o(.bss)
    a1                                       0x20000160   Data          12  filter.o(.bss)
    b2                                       0x2000016c   Data          12  filter.o(.bss)
    a2                                       0x20000178   Data          12  filter.o(.bss)
    bufX                                     0x20000184   Data          12  filter.o(.bss)
    bufY                                     0x20000190   Data          12  filter.o(.bss)
    b1                                       0x2000019c   Data          12  filter.o(.bss)
    a1                                       0x200001a8   Data          12  filter.o(.bss)
    b2                                       0x200001b4   Data          12  filter.o(.bss)
    a2                                       0x200001c0   Data          12  filter.o(.bss)
    bufX                                     0x200001cc   Data          12  filter.o(.bss)
    bufY                                     0x200001d8   Data          12  filter.o(.bss)
    .bss                                     0x200001e4   Section     3200  spo2.o(.bss)
    .bss                                     0x20000e64   Section     6496  spo2_heartrate_calculate.o(.bss)
    SPO2_Peak_Index                          0x20000e64   Data        3200  spo2_heartrate_calculate.o(.bss)
    SPO2_Peak_TM_DIffer                      0x20001ae4   Data        3200  spo2_heartrate_calculate.o(.bss)
    SPO2_MinMax_Buffer                       0x20002764   Data          16  spo2_heartrate_calculate.o(.bss)
    RED_Max_History                          0x20002774   Data          20  spo2_heartrate_calculate.o(.bss)
    RED_Min_History                          0x20002788   Data          20  spo2_heartrate_calculate.o(.bss)
    IR_Max_History                           0x2000279c   Data          20  spo2_heartrate_calculate.o(.bss)
    IR_Min_History                           0x200027b0   Data          20  spo2_heartrate_calculate.o(.bss)
    .bss                                     0x200027c4   Section      400  spo2_adjust.o(.bss)
    .bss                                     0x20002954   Section      224  uart1.o(.bss)
    s_structUARTSendCirQue                   0x20002954   Data          12  uart1.o(.bss)
    s_structUARTRecCirQue                    0x20002960   Data          12  uart1.o(.bss)
    s_arrSendBuf                             0x2000296c   Data         100  uart1.o(.bss)
    s_arrRecBuf                              0x200029d0   Data         100  uart1.o(.bss)
    .bss                                     0x20002a34   Section       32  adc.o(.bss)
    s_structADCCirQue                        0x20002a34   Data          12  adc.o(.bss)
    s_arrADCBuf                              0x20002a40   Data          20  adc.o(.bss)
    STACK                                    0x20002a58   Section     1024  startup_stm32f10x_hd.o(STACK)

    Global Symbols

    Symbol Name                              Value     Ov Type        Size  Object(Section)

    BuildAttributes$$THM_ISAv4$P$D$K$B$S$PE$A:L22UL41UL21$X:L11$S22US41US21$IEEE1$IW$USESV6$~STKCKD$USESV7$~SHL$OTIME$ROPI$EBA8$MICROLIB$REQ8$PRES8$EABIv2 0x00000000   Number         0  anon$$obj.o ABSOLUTE
    __ARM_use_no_argv                        0x00000000   Number         0  main.o ABSOLUTE
    _printf_a                                0x00000000   Number         0  stubs.o ABSOLUTE
    _printf_c                                0x00000000   Number         0  stubs.o ABSOLUTE
    _printf_charcount                        0x00000000   Number         0  stubs.o ABSOLUTE
    _printf_d                                0x00000000   Number         0  stubs.o ABSOLUTE
    _printf_e                                0x00000000   Number         0  stubs.o ABSOLUTE
    _printf_f                                0x00000000   Number         0  stubs.o ABSOLUTE
    _printf_flags                            0x00000000   Number         0  stubs.o ABSOLUTE
    _printf_fp_dec                           0x00000000   Number         0  stubs.o ABSOLUTE
    _printf_fp_hex                           0x00000000   Number         0  stubs.o ABSOLUTE
    _printf_g                                0x00000000   Number         0  stubs.o ABSOLUTE
    _printf_i                                0x00000000   Number         0  stubs.o ABSOLUTE
    _printf_int_dec                          0x00000000   Number         0  stubs.o ABSOLUTE
    _printf_l                                0x00000000   Number         0  stubs.o ABSOLUTE
    _printf_lc                               0x00000000   Number         0  stubs.o ABSOLUTE
    _printf_ll                               0x00000000   Number         0  stubs.o ABSOLUTE
    _printf_lld                              0x00000000   Number         0  stubs.o ABSOLUTE
    _printf_lli                              0x00000000   Number         0  stubs.o ABSOLUTE
    _printf_llo                              0x00000000   Number         0  stubs.o ABSOLUTE
    _printf_llu                              0x00000000   Number         0  stubs.o ABSOLUTE
    _printf_llx                              0x00000000   Number         0  stubs.o ABSOLUTE
    _printf_longlong_dec                     0x00000000   Number         0  stubs.o ABSOLUTE
    _printf_longlong_hex                     0x00000000   Number         0  stubs.o ABSOLUTE
    _printf_longlong_oct                     0x00000000   Number         0  stubs.o ABSOLUTE
    _printf_ls                               0x00000000   Number         0  stubs.o ABSOLUTE
    _printf_mbtowc                           0x00000000   Number         0  stubs.o ABSOLUTE
    _printf_n                                0x00000000   Number         0  stubs.o ABSOLUTE
    _printf_o                                0x00000000   Number         0  stubs.o ABSOLUTE
    _printf_p                                0x00000000   Number         0  stubs.o ABSOLUTE
    _printf_percent                          0x00000000   Number         0  stubs.o ABSOLUTE
    _printf_pre_padding                      0x00000000   Number         0  stubs.o ABSOLUTE
    _printf_return_value                     0x00000000   Number         0  stubs.o ABSOLUTE
    _printf_s                                0x00000000   Number         0  stubs.o ABSOLUTE
    _printf_sizespec                         0x00000000   Number         0  stubs.o ABSOLUTE
    _printf_str                              0x00000000   Number         0  stubs.o ABSOLUTE
    _printf_truncate_signed                  0x00000000   Number         0  stubs.o ABSOLUTE
    _printf_truncate_unsigned                0x00000000   Number         0  stubs.o ABSOLUTE
    _printf_u                                0x00000000   Number         0  stubs.o ABSOLUTE
    _printf_wc                               0x00000000   Number         0  stubs.o ABSOLUTE
    _printf_wctomb                           0x00000000   Number         0  stubs.o ABSOLUTE
    _printf_widthprec                        0x00000000   Number         0  stubs.o ABSOLUTE
    _printf_x                                0x00000000   Number         0  stubs.o ABSOLUTE
    __arm_fini_                               - Undefined Weak Reference
    __cpp_initialize__aeabi_                  - Undefined Weak Reference
    __cxa_finalize                            - Undefined Weak Reference
    __decompress                              - Undefined Weak Reference
    _clock_init                               - Undefined Weak Reference
    _microlib_exit                            - Undefined Weak Reference
    __Vectors_Size                           0x00000130   Number         0  startup_stm32f10x_hd.o ABSOLUTE
    __Vectors                                0x08000000   Data           4  startup_stm32f10x_hd.o(RESET)
    __Vectors_End                            0x08000130   Data           0  startup_stm32f10x_hd.o(RESET)
    __main                                   0x08000131   Thumb Code     0  entry.o(.ARM.Collect$$$$00000000)
    _main_stk                                0x08000131   Thumb Code     0  entry2.o(.ARM.Collect$$$$00000001)
    _main_scatterload                        0x08000135   Thumb Code     0  entry5.o(.ARM.Collect$$$$00000004)
    __main_after_scatterload                 0x08000139   Thumb Code     0  entry5.o(.ARM.Collect$$$$00000004)
    _main_clock                              0x08000139   Thumb Code     0  entry7b.o(.ARM.Collect$$$$00000008)
    _main_cpp_init                           0x08000139   Thumb Code     0  entry8b.o(.ARM.Collect$$$$0000000A)
    _main_init                               0x08000139   Thumb Code     0  entry9a.o(.ARM.Collect$$$$0000000B)
    __rt_lib_shutdown_fini                   0x08000141   Thumb Code     0  entry12b.o(.ARM.Collect$$$$0000000E)
    __rt_final_cpp                           0x08000145   Thumb Code     0  entry10a.o(.ARM.Collect$$$$0000000F)
    __rt_final_exit                          0x08000145   Thumb Code     0  entry11a.o(.ARM.Collect$$$$00000011)
    Reset_Handler                            0x08000149   Thumb Code     8  startup_stm32f10x_hd.o(.text)
    ADC1_2_IRQHandler                        0x08000163   Thumb Code     0  startup_stm32f10x_hd.o(.text)
    ADC3_IRQHandler                          0x08000163   Thumb Code     0  startup_stm32f10x_hd.o(.text)
    CAN1_RX1_IRQHandler                      0x08000163   Thumb Code     0  startup_stm32f10x_hd.o(.text)
    CAN1_SCE_IRQHandler                      0x08000163   Thumb Code     0  startup_stm32f10x_hd.o(.text)
    DMA1_Channel1_IRQHandler                 0x08000163   Thumb Code     0  startup_stm32f10x_hd.o(.text)
    DMA1_Channel2_IRQHandler                 0x08000163   Thumb Code     0  startup_stm32f10x_hd.o(.text)
    DMA1_Channel3_IRQHandler                 0x08000163   Thumb Code     0  startup_stm32f10x_hd.o(.text)
    DMA1_Channel4_IRQHandler                 0x08000163   Thumb Code     0  startup_stm32f10x_hd.o(.text)
    DMA1_Channel5_IRQHandler                 0x08000163   Thumb Code     0  startup_stm32f10x_hd.o(.text)
    DMA1_Channel6_IRQHandler                 0x08000163   Thumb Code     0  startup_stm32f10x_hd.o(.text)
    DMA1_Channel7_IRQHandler                 0x08000163   Thumb Code     0  startup_stm32f10x_hd.o(.text)
    DMA2_Channel1_IRQHandler                 0x08000163   Thumb Code     0  startup_stm32f10x_hd.o(.text)
    DMA2_Channel2_IRQHandler                 0x08000163   Thumb Code     0  startup_stm32f10x_hd.o(.text)
    DMA2_Channel3_IRQHandler                 0x08000163   Thumb Code     0  startup_stm32f10x_hd.o(.text)
    DMA2_Channel4_5_IRQHandler               0x08000163   Thumb Code     0  startup_stm32f10x_hd.o(.text)
    EXTI0_IRQHandler                         0x08000163   Thumb Code     0  startup_stm32f10x_hd.o(.text)
    EXTI15_10_IRQHandler                     0x08000163   Thumb Code     0  startup_stm32f10x_hd.o(.text)
    EXTI1_IRQHandler                         0x08000163   Thumb Code     0  startup_stm32f10x_hd.o(.text)
    EXTI2_IRQHandler                         0x08000163   Thumb Code     0  startup_stm32f10x_hd.o(.text)
    EXTI3_IRQHandler                         0x08000163   Thumb Code     0  startup_stm32f10x_hd.o(.text)
    EXTI4_IRQHandler                         0x08000163   Thumb Code     0  startup_stm32f10x_hd.o(.text)
    EXTI9_5_IRQHandler                       0x08000163   Thumb Code     0  startup_stm32f10x_hd.o(.text)
    FLASH_IRQHandler                         0x08000163   Thumb Code     0  startup_stm32f10x_hd.o(.text)
    FSMC_IRQHandler                          0x08000163   Thumb Code     0  startup_stm32f10x_hd.o(.text)
    I2C1_ER_IRQHandler                       0x08000163   Thumb Code     0  startup_stm32f10x_hd.o(.text)
    I2C1_EV_IRQHandler                       0x08000163   Thumb Code     0  startup_stm32f10x_hd.o(.text)
    I2C2_ER_IRQHandler                       0x08000163   Thumb Code     0  startup_stm32f10x_hd.o(.text)
    I2C2_EV_IRQHandler                       0x08000163   Thumb Code     0  startup_stm32f10x_hd.o(.text)
    PVD_IRQHandler                           0x08000163   Thumb Code     0  startup_stm32f10x_hd.o(.text)
    RCC_IRQHandler                           0x08000163   Thumb Code     0  startup_stm32f10x_hd.o(.text)
    RTCAlarm_IRQHandler                      0x08000163   Thumb Code     0  startup_stm32f10x_hd.o(.text)
    RTC_IRQHandler                           0x08000163   Thumb Code     0  startup_stm32f10x_hd.o(.text)
    SDIO_IRQHandler                          0x08000163   Thumb Code     0  startup_stm32f10x_hd.o(.text)
    SPI1_IRQHandler                          0x08000163   Thumb Code     0  startup_stm32f10x_hd.o(.text)
    SPI2_IRQHandler                          0x08000163   Thumb Code     0  startup_stm32f10x_hd.o(.text)
    SPI3_IRQHandler                          0x08000163   Thumb Code     0  startup_stm32f10x_hd.o(.text)
    TAMPER_IRQHandler                        0x08000163   Thumb Code     0  startup_stm32f10x_hd.o(.text)
    TIM1_BRK_IRQHandler                      0x08000163   Thumb Code     0  startup_stm32f10x_hd.o(.text)
    TIM1_CC_IRQHandler                       0x08000163   Thumb Code     0  startup_stm32f10x_hd.o(.text)
    TIM1_TRG_COM_IRQHandler                  0x08000163   Thumb Code     0  startup_stm32f10x_hd.o(.text)
    TIM1_UP_IRQHandler                       0x08000163   Thumb Code     0  startup_stm32f10x_hd.o(.text)
    TIM4_IRQHandler                          0x08000163   Thumb Code     0  startup_stm32f10x_hd.o(.text)
    TIM6_IRQHandler                          0x08000163   Thumb Code     0  startup_stm32f10x_hd.o(.text)
    TIM7_IRQHandler                          0x08000163   Thumb Code     0  startup_stm32f10x_hd.o(.text)
    TIM8_BRK_IRQHandler                      0x08000163   Thumb Code     0  startup_stm32f10x_hd.o(.text)
    TIM8_CC_IRQHandler                       0x08000163   Thumb Code     0  startup_stm32f10x_hd.o(.text)
    TIM8_TRG_COM_IRQHandler                  0x08000163   Thumb Code     0  startup_stm32f10x_hd.o(.text)
    TIM8_UP_IRQHandler                       0x08000163   Thumb Code     0  startup_stm32f10x_hd.o(.text)
    UART4_IRQHandler                         0x08000163   Thumb Code     0  startup_stm32f10x_hd.o(.text)
    UART5_IRQHandler                         0x08000163   Thumb Code     0  startup_stm32f10x_hd.o(.text)
    USART2_IRQHandler                        0x08000163   Thumb Code     0  startup_stm32f10x_hd.o(.text)
    USART3_IRQHandler                        0x08000163   Thumb Code     0  startup_stm32f10x_hd.o(.text)
    USBWakeUp_IRQHandler                     0x08000163   Thumb Code     0  startup_stm32f10x_hd.o(.text)
    USB_HP_CAN1_TX_IRQHandler                0x08000163   Thumb Code     0  startup_stm32f10x_hd.o(.text)
    USB_LP_CAN1_RX0_IRQHandler               0x08000163   Thumb Code     0  startup_stm32f10x_hd.o(.text)
    WWDG_IRQHandler                          0x08000163   Thumb Code     0  startup_stm32f10x_hd.o(.text)
    arm_biquad_cascade_df1_f32               0x0800016d   Thumb Code   676  arm_biquad_cascade_df1_f32.o(.text)
    arm_biquad_cascade_df1_init_f32          0x08000411   Thumb Code    22  arm_biquad_cascade_df1_init_f32.o(.text)
    __aeabi_memcpy                           0x08000427   Thumb Code    36  memcpya.o(.text)
    __aeabi_memcpy4                          0x08000427   Thumb Code     0  memcpya.o(.text)
    __aeabi_memcpy8                          0x08000427   Thumb Code     0  memcpya.o(.text)
    __aeabi_memset                           0x0800044b   Thumb Code    14  memseta.o(.text)
    __aeabi_memset4                          0x0800044b   Thumb Code     0  memseta.o(.text)
    __aeabi_memset8                          0x0800044b   Thumb Code     0  memseta.o(.text)
    __aeabi_memclr                           0x08000459   Thumb Code     4  memseta.o(.text)
    __aeabi_memclr4                          0x08000459   Thumb Code     0  memseta.o(.text)
    __aeabi_memclr8                          0x08000459   Thumb Code     0  memseta.o(.text)
    _memset$wrapper                          0x0800045d   Thumb Code    18  memseta.o(.text)
    __aeabi_fadd                             0x0800046f   Thumb Code   164  fadd.o(.text)
    __aeabi_fsub                             0x08000513   Thumb Code     6  fadd.o(.text)
    __aeabi_frsub                            0x08000519   Thumb Code     6  fadd.o(.text)
    __aeabi_fmul                             0x0800051f   Thumb Code   100  fmul.o(.text)
    __aeabi_fdiv                             0x08000583   Thumb Code   124  fdiv.o(.text)
    __aeabi_dadd                             0x080005ff   Thumb Code   322  dadd.o(.text)
    __aeabi_dsub                             0x08000741   Thumb Code     6  dadd.o(.text)
    __aeabi_drsub                            0x08000747   Thumb Code     6  dadd.o(.text)
    __aeabi_dmul                             0x0800074d   Thumb Code   228  dmul.o(.text)
    __aeabi_ddiv                             0x08000831   Thumb Code   222  ddiv.o(.text)
    __aeabi_i2f                              0x0800090f   Thumb Code    18  fflti.o(.text)
    __aeabi_ui2f                             0x08000921   Thumb Code    10  ffltui.o(.text)
    __aeabi_f2iz                             0x0800092b   Thumb Code    50  ffixi.o(.text)
    __aeabi_f2d                              0x0800095d   Thumb Code    38  f2d.o(.text)
    __aeabi_d2f                              0x08000983   Thumb Code    56  d2f.o(.text)
    __aeabi_cfcmpeq                          0x080009bd   Thumb Code     0  cfcmple.o(.text)
    __aeabi_cfcmple                          0x080009bd   Thumb Code    20  cfcmple.o(.text)
    __aeabi_cfrcmple                         0x080009d1   Thumb Code    20  cfrcmple.o(.text)
    __aeabi_uidiv                            0x080009e5   Thumb Code     0  uidiv.o(.text)
    __aeabi_uidivmod                         0x080009e5   Thumb Code    44  uidiv.o(.text)
    __aeabi_uldivmod                         0x08000a11   Thumb Code    98  uldiv.o(.text)
    __aeabi_llsl                             0x08000a73   Thumb Code    30  llshl.o(.text)
    _ll_shift_l                              0x08000a73   Thumb Code     0  llshl.o(.text)
    __aeabi_lasr                             0x08000a91   Thumb Code    36  llsshr.o(.text)
    _ll_sshift_r                             0x08000a91   Thumb Code     0  llsshr.o(.text)
    __I$use$fp                               0x08000ab5   Thumb Code     0  iusefp.o(.text)
    _float_round                             0x08000ab5   Thumb Code    18  fepilogue.o(.text)
    _float_epilogue                          0x08000ac7   Thumb Code    92  fepilogue.o(.text)
    _double_round                            0x08000b23   Thumb Code    30  depilogue.o(.text)
    _double_epilogue                         0x08000b41   Thumb Code   156  depilogue.o(.text)
    __aeabi_d2ulz                            0x08000bdd   Thumb Code    48  dfixul.o(.text)
    __aeabi_cdrcmple                         0x08000c0d   Thumb Code    48  cdrcmple.o(.text)
    __scatterload                            0x08000c3d   Thumb Code    28  init.o(.text)
    __scatterload_rt2                        0x08000c3d   Thumb Code     0  init.o(.text)
    __aeabi_llsr                             0x08000c61   Thumb Code    32  llushr.o(.text)
    _ll_ushift_r                             0x08000c61   Thumb Code     0  llushr.o(.text)
    ADC_Cmd                                  0x08000c81   Thumb Code    22  stm32f10x_adc.o(i.ADC_Cmd)
    ADC_DMACmd                               0x08000c97   Thumb Code    22  stm32f10x_adc.o(i.ADC_DMACmd)
    ADC_ExternalTrigConvCmd                  0x08000cad   Thumb Code    22  stm32f10x_adc.o(i.ADC_ExternalTrigConvCmd)
    ADC_GetCalibrationStatus                 0x08000cc3   Thumb Code    20  stm32f10x_adc.o(i.ADC_GetCalibrationStatus)
    ADC_GetResetCalibrationStatus            0x08000cd7   Thumb Code    20  stm32f10x_adc.o(i.ADC_GetResetCalibrationStatus)
    ADC_Init                                 0x08000ced   Thumb Code    70  stm32f10x_adc.o(i.ADC_Init)
    ADC_RegularChannelConfig                 0x08000d3d   Thumb Code   184  stm32f10x_adc.o(i.ADC_RegularChannelConfig)
    ADC_ResetCalibration                     0x08000df5   Thumb Code    10  stm32f10x_adc.o(i.ADC_ResetCalibration)
    ADC_StartCalibration                     0x08000dff   Thumb Code    10  stm32f10x_adc.o(i.ADC_StartCalibration)
    BaselineFilterTask_IR                    0x08000e09   Thumb Code   288  filter.o(i.BaselineFilterTask_IR)
    BaselineFilterTask_RED                   0x08000f51   Thumb Code   288  filter.o(i.BaselineFilterTask_RED)
    Bubble_Sort                              0x08001099   Thumb Code    92  spo2_heartrate_calculate.o(i.Bubble_Sort)
    BusFault_Handler                         0x080010f5   Thumb Code     4  stm32f10x_it.o(i.BusFault_Handler)
    Calc_Median                              0x080010f9   Thumb Code   108  spo2_heartrate_calculate.o(i.Calc_Median)
    Clr1SecFlag                              0x08001165   Thumb Code     8  timer.o(i.Clr1SecFlag)
    Clr2msFlag                               0x08001171   Thumb Code     8  timer.o(i.Clr2msFlag)
    DAC_Cmd                                  0x08001675   Thumb Code    34  stm32f10x_dac.o(i.DAC_Cmd)
    DAC_Init                                 0x0800169d   Thumb Code    46  stm32f10x_dac.o(i.DAC_Init)
    DAC_SetChannel1Data                      0x080016d1   Thumb Code    26  stm32f10x_dac.o(i.DAC_SetChannel1Data)
    DAC_SoftwareTriggerCmd                   0x080016f1   Thumb Code    40  stm32f10x_dac.o(i.DAC_SoftwareTriggerCmd)
    DMA_Cmd                                  0x0800171d   Thumb Code    24  stm32f10x_dma.o(i.DMA_Cmd)
    DMA_DeInit                               0x08001735   Thumb Code   324  stm32f10x_dma.o(i.DMA_DeInit)
    DMA_Init                                 0x08001881   Thumb Code    60  stm32f10x_dma.o(i.DMA_Init)
    DeQueue                                  0x080018bd   Thumb Code    68  queue.o(i.DeQueue)
    DeU16Queue                               0x08001901   Thumb Code    72  u16queue.o(i.DeU16Queue)
    DebugMon_Handler                         0x08001949   Thumb Code     2  stm32f10x_it.o(i.DebugMon_Handler)
    EnQueue                                  0x0800194b   Thumb Code    72  queue.o(i.EnQueue)
    EnU16Queue                               0x08001993   Thumb Code    76  u16queue.o(i.EnU16Queue)
    FLASH_PrefetchBufferCmd                  0x080019e1   Thumb Code    22  stm32f10x_flash.o(i.FLASH_PrefetchBufferCmd)
    FLASH_SetLatency                         0x080019fd   Thumb Code    18  stm32f10x_flash.o(i.FLASH_SetLatency)
    GPIO_Init                                0x08001a15   Thumb Code   278  stm32f10x_gpio.o(i.GPIO_Init)
    GPIO_ReadInputDataBit                    0x08001b2b   Thumb Code    18  stm32f10x_gpio.o(i.GPIO_ReadInputDataBit)
    GPIO_ReadOutputDataBit                   0x08001b3d   Thumb Code    18  stm32f10x_gpio.o(i.GPIO_ReadOutputDataBit)
    GPIO_WriteBit                            0x08001b4f   Thumb Code    10  stm32f10x_gpio.o(i.GPIO_WriteBit)
    Get1SecFlag                              0x08001b59   Thumb Code     6  timer.o(i.Get1SecFlag)
    Get2msFlag                               0x08001b65   Thumb Code     6  timer.o(i.Get2msFlag)
    HardFault_Handler                        0x08001b71   Thumb Code     4  stm32f10x_it.o(i.HardFault_Handler)
    InitADC                                  0x08001b75   Thumb Code    32  adc.o(i.InitADC)
    InitDAC                                  0x08001b9d   Thumb Code     8  dac.o(i.InitDAC)
    InitFilter                               0x08001ba5   Thumb Code    40  filter.o(i.InitFilter)
    InitKeyOne                               0x08001c21   Thumb Code    18  keyone.o(i.InitKeyOne)
    InitLED                                  0x08001c39   Thumb Code     8  led.o(i.InitLED)
    InitNVIC                                 0x08001c41   Thumb Code     8  nvic.o(i.InitNVIC)
    InitProcKeyOne                           0x08001c49   Thumb Code     2  prockeyone.o(i.InitProcKeyOne)
    InitQueue                                0x08001c4b   Thumb Code    36  queue.o(i.InitQueue)
    InitRCC                                  0x08001c6f   Thumb Code     8  rcc.o(i.InitRCC)
    InitSysTick                              0x08001c81   Thumb Code    92  systick.o(i.InitSysTick)
    InitTimer                                0x08001ce9   Thumb Code    24  timer.o(i.InitTimer)
    InitU16Queue                             0x08001d01   Thumb Code    38  u16queue.o(i.InitU16Queue)
    InitUART1                                0x08001d27   Thumb Code    16  uart1.o(i.InitUART1)
    LEDFlicker                               0x08001d79   Thumb Code    52  led.o(i.LEDFlicker)
    MemManage_Handler                        0x08001db5   Thumb Code     4  stm32f10x_it.o(i.MemManage_Handler)
    NMI_Handler                              0x08001db9   Thumb Code     2  stm32f10x_it.o(i.NMI_Handler)
    NVIC_Init                                0x08001dd5   Thumb Code   100  misc.o(i.NVIC_Init)
    NVIC_PriorityGroupConfig                 0x08001e45   Thumb Code    10  misc.o(i.NVIC_PriorityGroupConfig)
    PendSV_Handler                           0x08001e59   Thumb Code     2  stm32f10x_it.o(i.PendSV_Handler)
    ProcKeyDownKey1                          0x08001e8d   Thumb Code    34  prockeyone.o(i.ProcKeyDownKey1)
    ProcKeyDownKey2                          0x08001ecd   Thumb Code    46  prockeyone.o(i.ProcKeyDownKey2)
    ProcKeyDownKey3                          0x08001f0d   Thumb Code     2  prockeyone.o(i.ProcKeyDownKey3)
    ProcKeyUpKey1                            0x08001f0f   Thumb Code     2  prockeyone.o(i.ProcKeyUpKey1)
    ProcKeyUpKey2                            0x08001f11   Thumb Code     2  prockeyone.o(i.ProcKeyUpKey2)
    ProcKeyUpKey3                            0x08001f13   Thumb Code     2  prockeyone.o(i.ProcKeyUpKey3)
    QueueEmpty                               0x08001f15   Thumb Code    14  queue.o(i.QueueEmpty)
    RCC_ADCCLKConfig                         0x08001f25   Thumb Code    18  stm32f10x_rcc.o(i.RCC_ADCCLKConfig)
    RCC_AHBPeriphClockCmd                    0x08001f3d   Thumb Code    26  stm32f10x_rcc.o(i.RCC_AHBPeriphClockCmd)
    RCC_APB1PeriphClockCmd                   0x08001f5d   Thumb Code    26  stm32f10x_rcc.o(i.RCC_APB1PeriphClockCmd)
    RCC_APB2PeriphClockCmd                   0x08001f7d   Thumb Code    26  stm32f10x_rcc.o(i.RCC_APB2PeriphClockCmd)
    RCC_DeInit                               0x08001f9d   Thumb Code    64  stm32f10x_rcc.o(i.RCC_DeInit)
    RCC_GetClocksFreq                        0x08001fe9   Thumb Code   192  stm32f10x_rcc.o(i.RCC_GetClocksFreq)
    RCC_GetFlagStatus                        0x080020bd   Thumb Code    56  stm32f10x_rcc.o(i.RCC_GetFlagStatus)
    RCC_GetSYSCLKSource                      0x080020f9   Thumb Code    10  stm32f10x_rcc.o(i.RCC_GetSYSCLKSource)
    RCC_HCLKConfig                           0x08002109   Thumb Code    18  stm32f10x_rcc.o(i.RCC_HCLKConfig)
    RCC_HSEConfig                            0x08002121   Thumb Code    70  stm32f10x_rcc.o(i.RCC_HSEConfig)
    RCC_PCLK1Config                          0x0800216d   Thumb Code    18  stm32f10x_rcc.o(i.RCC_PCLK1Config)
    RCC_PCLK2Config                          0x08002185   Thumb Code    20  stm32f10x_rcc.o(i.RCC_PCLK2Config)
    RCC_PLLCmd                               0x0800219d   Thumb Code     6  stm32f10x_rcc.o(i.RCC_PLLCmd)
    RCC_PLLConfig                            0x080021a9   Thumb Code    24  stm32f10x_rcc.o(i.RCC_PLLConfig)
    RCC_SYSCLKConfig                         0x080021c5   Thumb Code    18  stm32f10x_rcc.o(i.RCC_SYSCLKConfig)
    RCC_WaitForHSEStartUp                    0x080021dd   Thumb Code    56  stm32f10x_rcc.o(i.RCC_WaitForHSEStartUp)
    ReadADCBuf                               0x08002215   Thumb Code    22  adc.o(i.ReadADCBuf)
    ReadUART1                                0x0800224d   Thumb Code    24  uart1.o(i.ReadUART1)
    SPO2_Calculate                           0x080022f1   Thumb Code    32  spo2_heartrate_calculate.o(i.SPO2_Calculate)
    SPO2_DAC_Adjust                          0x08002319   Thumb Code    44  spo2_adjust.o(i.SPO2_DAC_Adjust)
    SPO2_Filter_Smooth                       0x0800234d   Thumb Code    62  filter.o(i.SPO2_Filter_Smooth)
    SPO2_Filter_Smooth_Init                  0x08002391   Thumb Code    26  filter.o(i.SPO2_Filter_Smooth_Init)
    SPO2_FingerOFF_Check                     0x080023ad   Thumb Code   150  spo2_adjust.o(i.SPO2_FingerOFF_Check)
    SPO2_Get_spo2_From_R                     0x08002459   Thumb Code   122  spo2_heartrate_calculate.o(i.SPO2_Get_spo2_From_R)
    SPO2_HR_Cal                              0x080024dd   Thumb Code    50  spo2_heartrate_calculate.o(i.SPO2_HR_Cal)
    SPO2_HR_FindMid                          0x08002521   Thumb Code    72  spo2_heartrate_calculate.o(i.SPO2_HR_FindMid)
    SPO2_HR_FindPeak                         0x08002571   Thumb Code   146  spo2_heartrate_calculate.o(i.SPO2_HR_FindPeak)
    SPO2_HR_FindReference                    0x08002619   Thumb Code    88  spo2_heartrate_calculate.o(i.SPO2_HR_FindReference)
    SPO2_HR_MinMax_Robust                    0x08002679   Thumb Code   190  spo2_heartrate_calculate.o(i.SPO2_HR_MinMax_Robust)
    SPO2_HeartRate_Calculate                 0x08002759   Thumb Code    58  spo2_heartrate_calculate.o(i.SPO2_HeartRate_Calculate)
    SPO2_IR_Filter                           0x08002799   Thumb Code    40  filter.o(i.SPO2_IR_Filter)
    SPO2_IR_Filter_IIR                       0x080027dd   Thumb Code    46  filter.o(i.SPO2_IR_Filter_IIR)
    SPO2_Init                                0x08002815   Thumb Code    64  spo2.o(i.SPO2_Init)
    SPO2_LEADOFF_Check                       0x080028b1   Thumb Code    28  spo2_adjust.o(i.SPO2_LEADOFF_Check)
    SPO2_LEAD_SendERROR                      0x080028cd   Thumb Code    94  spo2_adjust.o(i.SPO2_LEAD_SendERROR)
    SPO2_Light_Change                        0x08002979   Thumb Code    64  spo2.o(i.SPO2_Light_Change)
    SPO2_Light_Switch                        0x080029bd   Thumb Code   218  spo2.o(i.SPO2_Light_Switch)
    SPO2_ProbeOFF_Check                      0x08002aad   Thumb Code   150  spo2_adjust.o(i.SPO2_ProbeOFF_Check)
    SPO2_RED_Filter                          0x08002b59   Thumb Code    40  filter.o(i.SPO2_RED_Filter)
    SPO2_RED_Filter_IIR                      0x08002b9d   Thumb Code    46  filter.o(i.SPO2_RED_Filter_IIR)
    SPO2_ResetAdj                            0x08002bd5   Thumb Code    42  spo2_adjust.o(i.SPO2_ResetAdj)
    SPO2_RoughAdj                            0x08002c2d   Thumb Code   166  spo2_adjust.o(i.SPO2_RoughAdj)
    SPO2_Send                                0x08002d19   Thumb Code    58  spo2_heartrate_calculate.o(i.SPO2_Send)
    SPO2_SetDAC                              0x08002d7d   Thumb Code    22  dac.o(i.SPO2_SetDAC)
    SPO2_StartInfo_Change                    0x08002d95   Thumb Code    30  spo2.o(i.SPO2_StartInfo_Change)
    SPO2_StartInfo_Get                       0x08002db9   Thumb Code     6  spo2.o(i.SPO2_StartInfo_Get)
    SPO2_Task                                0x08002e5d   Thumb Code   114  spo2.o(i.SPO2_Task)
    SPO2_spo2_Calculate                      0x08002f51   Thumb Code    28  spo2_heartrate_calculate.o(i.SPO2_spo2_Calculate)
    SPO2_spo2_SmoothR                        0x08002f71   Thumb Code    84  spo2_heartrate_calculate.o(i.SPO2_spo2_SmoothR)
    SPO2_spo2_singleR                        0x08002fcd   Thumb Code    76  spo2_heartrate_calculate.o(i.SPO2_spo2_singleR)
    SVC_Handler                              0x08003021   Thumb Code     2  stm32f10x_it.o(i.SVC_Handler)
    ScanKeyOne                               0x08003025   Thumb Code   158  keyone.o(i.ScanKeyOne)
    ScanKeyTask                              0x080030d9   Thumb Code    54  keyone.o(i.ScanKeyTask)
    Sliding_Avg_Cal                          0x08003235   Thumb Code   126  spo2_adjust.o(i.Sliding_Avg_Cal)
    SysTick_Handler                          0x080032c5   Thumb Code     8  systick.o(i.SysTick_Handler)
    SystemInit                               0x080032cd   Thumb Code    78  system_stm32f10x.o(i.SystemInit)
    TIM2_IRQHandler                          0x0800332d   Thumb Code    52  timer.o(i.TIM2_IRQHandler)
    TIM3_IRQHandler                          0x08003369   Thumb Code    30  adc.o(i.TIM3_IRQHandler)
    TIM5_IRQHandler                          0x08003391   Thumb Code    58  timer.o(i.TIM5_IRQHandler)
    TIM_ClearITPendingBit                    0x080033d9   Thumb Code     6  stm32f10x_tim.o(i.TIM_ClearITPendingBit)
    TIM_Cmd                                  0x080033df   Thumb Code    24  stm32f10x_tim.o(i.TIM_Cmd)
    TIM_GetITStatus                          0x080033f7   Thumb Code    34  stm32f10x_tim.o(i.TIM_GetITStatus)
    TIM_ITConfig                             0x08003419   Thumb Code    18  stm32f10x_tim.o(i.TIM_ITConfig)
    TIM_SelectOutputTrigger                  0x0800342b   Thumb Code    18  stm32f10x_tim.o(i.TIM_SelectOutputTrigger)
    TIM_TimeBaseInit                         0x0800343d   Thumb Code   122  stm32f10x_tim.o(i.TIM_TimeBaseInit)
    USART1_IRQHandler                        0x080034f9   Thumb Code   140  uart1.o(i.USART1_IRQHandler)
    USART_ClearFlag                          0x08003591   Thumb Code    18  stm32f10x_usart.o(i.USART_ClearFlag)
    USART_ClearITPendingBit                  0x080035a3   Thumb Code    30  stm32f10x_usart.o(i.USART_ClearITPendingBit)
    USART_Cmd                                0x080035c1   Thumb Code    24  stm32f10x_usart.o(i.USART_Cmd)
    USART_GetFlagStatus                      0x080035d9   Thumb Code    26  stm32f10x_usart.o(i.USART_GetFlagStatus)
    USART_GetITStatus                        0x080035f3   Thumb Code    84  stm32f10x_usart.o(i.USART_GetITStatus)
    USART_ITConfig                           0x08003647   Thumb Code    74  stm32f10x_usart.o(i.USART_ITConfig)
    USART_Init                               0x08003691   Thumb Code   210  stm32f10x_usart.o(i.USART_Init)
    USART_ReceiveData                        0x08003769   Thumb Code    10  stm32f10x_usart.o(i.USART_ReceiveData)
    USART_SendData                           0x08003773   Thumb Code     8  stm32f10x_usart.o(i.USART_SendData)
    USART_StructInit                         0x0800377b   Thumb Code    24  stm32f10x_usart.o(i.USART_StructInit)
    UsageFault_Handler                       0x08003793   Thumb Code     4  stm32f10x_it.o(i.UsageFault_Handler)
    WriteADCBuf                              0x08003799   Thumb Code    20  adc.o(i.WriteADCBuf)
    __0printf                                0x080037c9   Thumb Code    22  printfa.o(i.__0printf)
    __1printf                                0x080037c9   Thumb Code     0  printfa.o(i.__0printf)
    __2printf                                0x080037c9   Thumb Code     0  printfa.o(i.__0printf)
    __c89printf                              0x080037c9   Thumb Code     0  printfa.o(i.__0printf)
    printf                                   0x080037c9   Thumb Code     0  printfa.o(i.__0printf)
    __scatterload_copy                       0x080037e9   Thumb Code    14  handlers.o(i.__scatterload_copy)
    __scatterload_null                       0x080037f7   Thumb Code     2  handlers.o(i.__scatterload_null)
    __scatterload_zeroinit                   0x080037f9   Thumb Code    14  handlers.o(i.__scatterload_zeroinit)
    fputc                                    0x08004093   Thumb Code    16  uart1.o(i.fputc)
    main                                     0x080040a5   Thumb Code    26  main.o(i.main)
    SPO2_Filter_STAGES                       0x080040e4   Data           1  filter.o(.constdata)
    SPO2_Filter_Coeffs                       0x080040e8   Data          40  filter.o(.constdata)
    SPO2_R_Table                             0x08004110   Data         168  spo2_heartrate_calculate.o(.constdata)
    Region$$Table$$Base                      0x080041b8   Number         0  anon$$obj.o(Region$$Table)
    Region$$Table$$Limit                     0x080041d8   Number         0  anon$$obj.o(Region$$Table)
    SPO2_Filter_Flag                         0x2000000c   Data           1  filter.o(.data)
    WAVE_NUM                                 0x20000010   Data           2  spo2.o(.data)
    SPO2_Regular_Flag                        0x20000014   Data           4  spo2.o(.data)
    SPO2_DAC_Value                           0x20000018   Data           4  spo2.o(.data)
    SPO2_Probe_Flag                          0x20000044   Data           1  spo2_adjust.o(.data)
    SPO2_Finger_Flag                         0x20000045   Data           1  spo2_adjust.o(.data)
    SPO2_LEAD_ERRORchange_Flag               0x20000046   Data           1  spo2_adjust.o(.data)
    SPO2_Sliding_Index                       0x20000048   Data           8  spo2_adjust.o(.data)
    SPO2_Sliding_Sum                         0x20000050   Data           8  spo2_adjust.o(.data)
    SPO2_Sliding_Avg                         0x20000058   Data           8  spo2_adjust.o(.data)
    SPO2_RoughAdj_Stable_Flag                0x20000060   Data           4  spo2_adjust.o(.data)
    SPO2_RoughAdj_Stable_Cnt                 0x20000064   Data           4  spo2_adjust.o(.data)
    SPO2_RoughAdj_Delay_Cnt                  0x20000068   Data           4  spo2_adjust.o(.data)
    SPO2_FineAdj_Stable_Flag                 0x2000006c   Data           4  spo2_adjust.o(.data)
    SystemCoreClock                          0x200000a4   Data           4  system_stm32f10x.o(.data)
    AHBPrescTable                            0x200000a8   Data          16  system_stm32f10x.o(.data)
    __stdout                                 0x200000b8   Data           4  stdout.o(.data)
    SPO2_Filter_RED_Smooth                   0x200000bc   Data          32  filter.o(.bss)
    SPO2_Filter_IR_Smooth                    0x200000dc   Data          32  filter.o(.bss)
    SPO2_RED_WaveData                        0x200001e4   Data        1600  spo2.o(.bss)
    SPO2_IR_WaveData                         0x20000824   Data        1600  spo2.o(.bss)
    SPO2_Sliding_Buffer                      0x200027c4   Data         400  spo2_adjust.o(.bss)
    __initial_sp                             0x20002e58   Data           0  startup_stm32f10x_hd.o(STACK)



==============================================================================

Memory Map of the image

  Image Entry point : 0x08000131

  Load Region LR_IROM1 (Base: 0x08000000, Size: 0x00004294, Max: 0x00040000, ABSOLUTE)

    Execution Region ER_IROM1 (Exec base: 0x08000000, Load base: 0x08000000, Size: 0x000041d8, Max: 0x00040000, ABSOLUTE)

    Exec Addr    Load Addr    Size         Type   Attr      Idx    E Section Name        Object

    0x08000000   0x08000000   0x00000130   Data   RO         2719    RESET               startup_stm32f10x_hd.o
    0x08000130   0x08000130   0x00000000   Code   RO         2797  * .ARM.Collect$$$$00000000  mc_w.l(entry.o)
    0x08000130   0x08000130   0x00000004   Code   RO         3093    .ARM.Collect$$$$00000001  mc_w.l(entry2.o)
    0x08000134   0x08000134   0x00000004   Code   RO         3096    .ARM.Collect$$$$00000004  mc_w.l(entry5.o)
    0x08000138   0x08000138   0x00000000   Code   RO         3098    .ARM.Collect$$$$00000008  mc_w.l(entry7b.o)
    0x08000138   0x08000138   0x00000000   Code   RO         3100    .ARM.Collect$$$$0000000A  mc_w.l(entry8b.o)
    0x08000138   0x08000138   0x00000008   Code   RO         3101    .ARM.Collect$$$$0000000B  mc_w.l(entry9a.o)
    0x08000140   0x08000140   0x00000004   Code   RO         3108    .ARM.Collect$$$$0000000E  mc_w.l(entry12b.o)
    0x08000144   0x08000144   0x00000000   Code   RO         3103    .ARM.Collect$$$$0000000F  mc_w.l(entry10a.o)
    0x08000144   0x08000144   0x00000000   Code   RO         3105    .ARM.Collect$$$$00000011  mc_w.l(entry11a.o)
    0x08000144   0x08000144   0x00000004   Code   RO         3094    .ARM.Collect$$$$00002712  mc_w.l(entry2.o)
    0x08000148   0x08000148   0x00000024   Code   RO         2720    .text               startup_stm32f10x_hd.o
    0x0800016c   0x0800016c   0x000002a4   Code   RO         2727    .text               arm_cortexM3l_math.lib(arm_biquad_cascade_df1_f32.o)
    0x08000410   0x08000410   0x00000016   Code   RO         2776    .text               arm_cortexM3l_math.lib(arm_biquad_cascade_df1_init_f32.o)
    0x08000426   0x08000426   0x00000024   Code   RO         2800    .text               mc_w.l(memcpya.o)
    0x0800044a   0x0800044a   0x00000024   Code   RO         2802    .text               mc_w.l(memseta.o)
    0x0800046e   0x0800046e   0x000000b0   Code   RO         3067    .text               mf_w.l(fadd.o)
    0x0800051e   0x0800051e   0x00000064   Code   RO         3069    .text               mf_w.l(fmul.o)
    0x08000582   0x08000582   0x0000007c   Code   RO         3071    .text               mf_w.l(fdiv.o)
    0x080005fe   0x080005fe   0x0000014e   Code   RO         3073    .text               mf_w.l(dadd.o)
    0x0800074c   0x0800074c   0x000000e4   Code   RO         3075    .text               mf_w.l(dmul.o)
    0x08000830   0x08000830   0x000000de   Code   RO         3077    .text               mf_w.l(ddiv.o)
    0x0800090e   0x0800090e   0x00000012   Code   RO         3079    .text               mf_w.l(fflti.o)
    0x08000920   0x08000920   0x0000000a   Code   RO         3081    .text               mf_w.l(ffltui.o)
    0x0800092a   0x0800092a   0x00000032   Code   RO         3083    .text               mf_w.l(ffixi.o)
    0x0800095c   0x0800095c   0x00000026   Code   RO         3085    .text               mf_w.l(f2d.o)
    0x08000982   0x08000982   0x00000038   Code   RO         3087    .text               mf_w.l(d2f.o)
    0x080009ba   0x080009ba   0x00000002   PAD
    0x080009bc   0x080009bc   0x00000014   Code   RO         3089    .text               mf_w.l(cfcmple.o)
    0x080009d0   0x080009d0   0x00000014   Code   RO         3091    .text               mf_w.l(cfrcmple.o)
    0x080009e4   0x080009e4   0x0000002c   Code   RO         3110    .text               mc_w.l(uidiv.o)
    0x08000a10   0x08000a10   0x00000062   Code   RO         3112    .text               mc_w.l(uldiv.o)
    0x08000a72   0x08000a72   0x0000001e   Code   RO         3114    .text               mc_w.l(llshl.o)
    0x08000a90   0x08000a90   0x00000024   Code   RO         3116    .text               mc_w.l(llsshr.o)
    0x08000ab4   0x08000ab4   0x00000000   Code   RO         3118    .text               mc_w.l(iusefp.o)
    0x08000ab4   0x08000ab4   0x0000006e   Code   RO         3119    .text               mf_w.l(fepilogue.o)
    0x08000b22   0x08000b22   0x000000ba   Code   RO         3121    .text               mf_w.l(depilogue.o)
    0x08000bdc   0x08000bdc   0x00000030   Code   RO         3123    .text               mf_w.l(dfixul.o)
    0x08000c0c   0x08000c0c   0x00000030   Code   RO         3125    .text               mf_w.l(cdrcmple.o)
    0x08000c3c   0x08000c3c   0x00000024   Code   RO         3127    .text               mc_w.l(init.o)
    0x08000c60   0x08000c60   0x00000020   Code   RO         3129    .text               mc_w.l(llushr.o)
    0x08000c80   0x08000c80   0x00000016   Code   RO         2192    i.ADC_Cmd           stm32f10x_adc.o
    0x08000c96   0x08000c96   0x00000016   Code   RO         2193    i.ADC_DMACmd        stm32f10x_adc.o
    0x08000cac   0x08000cac   0x00000016   Code   RO         2197    i.ADC_ExternalTrigConvCmd  stm32f10x_adc.o
    0x08000cc2   0x08000cc2   0x00000014   Code   RO         2200    i.ADC_GetCalibrationStatus  stm32f10x_adc.o
    0x08000cd6   0x08000cd6   0x00000014   Code   RO         2206    i.ADC_GetResetCalibrationStatus  stm32f10x_adc.o
    0x08000cea   0x08000cea   0x00000002   PAD
    0x08000cec   0x08000cec   0x00000050   Code   RO         2210    i.ADC_Init          stm32f10x_adc.o
    0x08000d3c   0x08000d3c   0x000000b8   Code   RO         2214    i.ADC_RegularChannelConfig  stm32f10x_adc.o
    0x08000df4   0x08000df4   0x0000000a   Code   RO         2215    i.ADC_ResetCalibration  stm32f10x_adc.o
    0x08000dfe   0x08000dfe   0x0000000a   Code   RO         2219    i.ADC_StartCalibration  stm32f10x_adc.o
    0x08000e08   0x08000e08   0x00000148   Code   RO          216    i.BaselineFilterTask_IR  filter.o
    0x08000f50   0x08000f50   0x00000148   Code   RO          217    i.BaselineFilterTask_RED  filter.o
    0x08001098   0x08001098   0x0000005c   Code   RO          453    i.Bubble_Sort       spo2_heartrate_calculate.o
    0x080010f4   0x080010f4   0x00000004   Code   RO         2626    i.BusFault_Handler  stm32f10x_it.o
    0x080010f8   0x080010f8   0x0000006c   Code   RO          454    i.Calc_Median       spo2_heartrate_calculate.o
    0x08001164   0x08001164   0x0000000c   Code   RO          635    i.Clr1SecFlag       timer.o
    0x08001170   0x08001170   0x0000000c   Code   RO          636    i.Clr2msFlag        timer.o
    0x0800117c   0x0800117c   0x000000ac   Code   RO          841    i.ConfigADC1        adc.o
    0x08001228   0x08001228   0x00000058   Code   RO          818    i.ConfigDAC1        dac.o
    0x08001280   0x08001280   0x00000060   Code   RO          842    i.ConfigDMA1Ch1     adc.o
    0x080012e0   0x080012e0   0x00000058   Code   RO          139    i.ConfigKeyOneGPIO  keyone.o
    0x08001338   0x08001338   0x00000058   Code   RO          189    i.ConfigLEDGPIO     led.o
    0x08001390   0x08001390   0x0000000c   Code   RO         2558    i.ConfigNVIC        nvic.o
    0x0800139c   0x0800139c   0x00000064   Code   RO          618    i.ConfigRCC         rcc.o
    0x08001400   0x08001400   0x00000090   Code   RO          364    i.ConfigSPO2GPIO    spo2.o
    0x08001490   0x08001490   0x0000005c   Code   RO          637    i.ConfigTimer2      timer.o
    0x080014ec   0x080014ec   0x00000064   Code   RO          843    i.ConfigTimer3      adc.o
    0x08001550   0x08001550   0x00000060   Code   RO          638    i.ConfigTimer5      timer.o
    0x080015b0   0x080015b0   0x000000c4   Code   RO          740    i.ConfigUART        uart1.o
    0x08001674   0x08001674   0x00000028   Code   RO         2408    i.DAC_Cmd           stm32f10x_dac.o
    0x0800169c   0x0800169c   0x00000034   Code   RO         2413    i.DAC_Init          stm32f10x_dac.o
    0x080016d0   0x080016d0   0x00000020   Code   RO         2414    i.DAC_SetChannel1Data  stm32f10x_dac.o
    0x080016f0   0x080016f0   0x0000002c   Code   RO         2417    i.DAC_SoftwareTriggerCmd  stm32f10x_dac.o
    0x0800171c   0x0800171c   0x00000018   Code   RO         2488    i.DMA_Cmd           stm32f10x_dma.o
    0x08001734   0x08001734   0x0000014c   Code   RO         2489    i.DMA_DeInit        stm32f10x_dma.o
    0x08001880   0x08001880   0x0000003c   Code   RO         2494    i.DMA_Init          stm32f10x_dma.o
    0x080018bc   0x080018bc   0x00000044   Code   RO          696    i.DeQueue           queue.o
    0x08001900   0x08001900   0x00000048   Code   RO          893    i.DeU16Queue        u16queue.o
    0x08001948   0x08001948   0x00000002   Code   RO         2627    i.DebugMon_Handler  stm32f10x_it.o
    0x0800194a   0x0800194a   0x00000048   Code   RO          697    i.EnQueue           queue.o
    0x08001992   0x08001992   0x0000004c   Code   RO          894    i.EnU16Queue        u16queue.o
    0x080019de   0x080019de   0x00000002   PAD
    0x080019e0   0x080019e0   0x0000001c   Code   RO          987    i.FLASH_PrefetchBufferCmd  stm32f10x_flash.o
    0x080019fc   0x080019fc   0x00000018   Code   RO          992    i.FLASH_SetLatency  stm32f10x_flash.o
    0x08001a14   0x08001a14   0x00000116   Code   RO         1150    i.GPIO_Init         stm32f10x_gpio.o
    0x08001b2a   0x08001b2a   0x00000012   Code   RO         1154    i.GPIO_ReadInputDataBit  stm32f10x_gpio.o
    0x08001b3c   0x08001b3c   0x00000012   Code   RO         1156    i.GPIO_ReadOutputDataBit  stm32f10x_gpio.o
    0x08001b4e   0x08001b4e   0x0000000a   Code   RO         1161    i.GPIO_WriteBit     stm32f10x_gpio.o
    0x08001b58   0x08001b58   0x0000000c   Code   RO          639    i.Get1SecFlag       timer.o
    0x08001b64   0x08001b64   0x0000000c   Code   RO          640    i.Get2msFlag        timer.o
    0x08001b70   0x08001b70   0x00000004   Code   RO         2628    i.HardFault_Handler  stm32f10x_it.o
    0x08001b74   0x08001b74   0x00000028   Code   RO          844    i.InitADC           adc.o
    0x08001b9c   0x08001b9c   0x00000008   Code   RO          819    i.InitDAC           dac.o
    0x08001ba4   0x08001ba4   0x00000044   Code   RO          218    i.InitFilter        filter.o
    0x08001be8   0x08001be8   0x00000038   Code   RO            1    i.InitHardware      main.o
    0x08001c20   0x08001c20   0x00000018   Code   RO          140    i.InitKeyOne        keyone.o
    0x08001c38   0x08001c38   0x00000008   Code   RO          190    i.InitLED           led.o
    0x08001c40   0x08001c40   0x00000008   Code   RO         2559    i.InitNVIC          nvic.o
    0x08001c48   0x08001c48   0x00000002   Code   RO          316    i.InitProcKeyOne    prockeyone.o
    0x08001c4a   0x08001c4a   0x00000024   Code   RO          698    i.InitQueue         queue.o
    0x08001c6e   0x08001c6e   0x00000008   Code   RO          619    i.InitRCC           rcc.o
    0x08001c76   0x08001c76   0x00000008   Code   RO            2    i.InitSoftware      main.o
    0x08001c7e   0x08001c7e   0x00000002   PAD
    0x08001c80   0x08001c80   0x00000068   Code   RO         2577    i.InitSysTick       systick.o
    0x08001ce8   0x08001ce8   0x00000018   Code   RO          641    i.InitTimer         timer.o
    0x08001d00   0x08001d00   0x00000026   Code   RO          895    i.InitU16Queue      u16queue.o
    0x08001d26   0x08001d26   0x00000010   Code   RO          742    i.InitUART1         uart1.o
    0x08001d36   0x08001d36   0x00000002   PAD
    0x08001d38   0x08001d38   0x00000040   Code   RO          743    i.InitUARTBuf       uart1.o
    0x08001d78   0x08001d78   0x0000003c   Code   RO          191    i.LEDFlicker        led.o
    0x08001db4   0x08001db4   0x00000004   Code   RO         2629    i.MemManage_Handler  stm32f10x_it.o
    0x08001db8   0x08001db8   0x00000002   Code   RO         2630    i.NMI_Handler       stm32f10x_it.o
    0x08001dba   0x08001dba   0x00000002   PAD
    0x08001dbc   0x08001dbc   0x00000018   Code   RO          744    i.NVIC_ClearPendingIRQ  uart1.o
    0x08001dd4   0x08001dd4   0x00000070   Code   RO          934    i.NVIC_Init         misc.o
    0x08001e44   0x08001e44   0x00000014   Code   RO          935    i.NVIC_PriorityGroupConfig  misc.o
    0x08001e58   0x08001e58   0x00000002   Code   RO         2631    i.PendSV_Handler    stm32f10x_it.o
    0x08001e5a   0x08001e5a   0x0000000e   Code   RO            3    i.Proc1SecTask      main.o
    0x08001e68   0x08001e68   0x00000024   Code   RO            4    i.Proc2msTask       main.o
    0x08001e8c   0x08001e8c   0x00000040   Code   RO          317    i.ProcKeyDownKey1   prockeyone.o
    0x08001ecc   0x08001ecc   0x00000040   Code   RO          318    i.ProcKeyDownKey2   prockeyone.o
    0x08001f0c   0x08001f0c   0x00000002   Code   RO          319    i.ProcKeyDownKey3   prockeyone.o
    0x08001f0e   0x08001f0e   0x00000002   Code   RO          320    i.ProcKeyUpKey1     prockeyone.o
    0x08001f10   0x08001f10   0x00000002   Code   RO          321    i.ProcKeyUpKey2     prockeyone.o
    0x08001f12   0x08001f12   0x00000002   Code   RO          322    i.ProcKeyUpKey3     prockeyone.o
    0x08001f14   0x08001f14   0x0000000e   Code   RO          699    i.QueueEmpty        queue.o
    0x08001f22   0x08001f22   0x00000002   PAD
    0x08001f24   0x08001f24   0x00000018   Code   RO         1258    i.RCC_ADCCLKConfig  stm32f10x_rcc.o
    0x08001f3c   0x08001f3c   0x00000020   Code   RO         1259    i.RCC_AHBPeriphClockCmd  stm32f10x_rcc.o
    0x08001f5c   0x08001f5c   0x00000020   Code   RO         1260    i.RCC_APB1PeriphClockCmd  stm32f10x_rcc.o
    0x08001f7c   0x08001f7c   0x00000020   Code   RO         1262    i.RCC_APB2PeriphClockCmd  stm32f10x_rcc.o
    0x08001f9c   0x08001f9c   0x0000004c   Code   RO         1269    i.RCC_DeInit        stm32f10x_rcc.o
    0x08001fe8   0x08001fe8   0x000000d4   Code   RO         1270    i.RCC_GetClocksFreq  stm32f10x_rcc.o
    0x080020bc   0x080020bc   0x0000003c   Code   RO         1271    i.RCC_GetFlagStatus  stm32f10x_rcc.o
    0x080020f8   0x080020f8   0x00000010   Code   RO         1273    i.RCC_GetSYSCLKSource  stm32f10x_rcc.o
    0x08002108   0x08002108   0x00000018   Code   RO         1274    i.RCC_HCLKConfig    stm32f10x_rcc.o
    0x08002120   0x08002120   0x0000004c   Code   RO         1275    i.RCC_HSEConfig     stm32f10x_rcc.o
    0x0800216c   0x0800216c   0x00000018   Code   RO         1281    i.RCC_PCLK1Config   stm32f10x_rcc.o
    0x08002184   0x08002184   0x00000018   Code   RO         1282    i.RCC_PCLK2Config   stm32f10x_rcc.o
    0x0800219c   0x0800219c   0x0000000c   Code   RO         1283    i.RCC_PLLCmd        stm32f10x_rcc.o
    0x080021a8   0x080021a8   0x0000001c   Code   RO         1284    i.RCC_PLLConfig     stm32f10x_rcc.o
    0x080021c4   0x080021c4   0x00000018   Code   RO         1287    i.RCC_SYSCLKConfig  stm32f10x_rcc.o
    0x080021dc   0x080021dc   0x00000038   Code   RO         1289    i.RCC_WaitForHSEStartUp  stm32f10x_rcc.o
    0x08002214   0x08002214   0x0000001c   Code   RO          845    i.ReadADCBuf        adc.o
    0x08002230   0x08002230   0x0000001c   Code   RO          745    i.ReadSendBuf       uart1.o
    0x0800224c   0x0800224c   0x0000001c   Code   RO          746    i.ReadUART1         uart1.o
    0x08002268   0x08002268   0x00000044   Code   RO          365    i.SPO2_ADC_Read_IR  spo2.o
    0x080022ac   0x080022ac   0x00000044   Code   RO          366    i.SPO2_ADC_Read_RED  spo2.o
    0x080022f0   0x080022f0   0x00000028   Code   RO          455    i.SPO2_Calculate    spo2_heartrate_calculate.o
    0x08002318   0x08002318   0x00000034   Code   RO          554    i.SPO2_DAC_Adjust   spo2_adjust.o
    0x0800234c   0x0800234c   0x00000044   Code   RO          219    i.SPO2_Filter_Smooth  filter.o
    0x08002390   0x08002390   0x0000001a   Code   RO          220    i.SPO2_Filter_Smooth_Init  filter.o
    0x080023aa   0x080023aa   0x00000002   PAD
    0x080023ac   0x080023ac   0x000000ac   Code   RO          556    i.SPO2_FingerOFF_Check  spo2_adjust.o
    0x08002458   0x08002458   0x00000084   Code   RO          456    i.SPO2_Get_spo2_From_R  spo2_heartrate_calculate.o
    0x080024dc   0x080024dc   0x00000044   Code   RO          457    i.SPO2_HR_Cal       spo2_heartrate_calculate.o
    0x08002520   0x08002520   0x00000050   Code   RO          458    i.SPO2_HR_FindMid   spo2_heartrate_calculate.o
    0x08002570   0x08002570   0x000000a8   Code   RO          459    i.SPO2_HR_FindPeak  spo2_heartrate_calculate.o
    0x08002618   0x08002618   0x00000060   Code   RO          460    i.SPO2_HR_FindReference  spo2_heartrate_calculate.o
    0x08002678   0x08002678   0x000000e0   Code   RO          462    i.SPO2_HR_MinMax_Robust  spo2_heartrate_calculate.o
    0x08002758   0x08002758   0x00000040   Code   RO          463    i.SPO2_HeartRate_Calculate  spo2_heartrate_calculate.o
    0x08002798   0x08002798   0x00000044   Code   RO          221    i.SPO2_IR_Filter    filter.o
    0x080027dc   0x080027dc   0x00000038   Code   RO          222    i.SPO2_IR_Filter_IIR  filter.o
    0x08002814   0x08002814   0x0000009c   Code   RO          367    i.SPO2_Init         spo2.o
    0x080028b0   0x080028b0   0x0000001c   Code   RO          557    i.SPO2_LEADOFF_Check  spo2_adjust.o
    0x080028cc   0x080028cc   0x000000ac   Code   RO          558    i.SPO2_LEAD_SendERROR  spo2_adjust.o
    0x08002978   0x08002978   0x00000044   Code   RO          368    i.SPO2_Light_Change  spo2.o
    0x080029bc   0x080029bc   0x000000f0   Code   RO          369    i.SPO2_Light_Switch  spo2.o
    0x08002aac   0x08002aac   0x000000ac   Code   RO          559    i.SPO2_ProbeOFF_Check  spo2_adjust.o
    0x08002b58   0x08002b58   0x00000044   Code   RO          223    i.SPO2_RED_Filter   filter.o
    0x08002b9c   0x08002b9c   0x00000038   Code   RO          224    i.SPO2_RED_Filter_IIR  filter.o
    0x08002bd4   0x08002bd4   0x00000058   Code   RO          560    i.SPO2_ResetAdj     spo2_adjust.o
    0x08002c2c   0x08002c2c   0x000000ec   Code   RO          561    i.SPO2_RoughAdj     spo2_adjust.o
    0x08002d18   0x08002d18   0x00000064   Code   RO          464    i.SPO2_Send         spo2_heartrate_calculate.o
    0x08002d7c   0x08002d7c   0x00000016   Code   RO          820    i.SPO2_SetDAC       dac.o
    0x08002d92   0x08002d92   0x00000002   PAD
    0x08002d94   0x08002d94   0x00000024   Code   RO          370    i.SPO2_StartInfo_Change  spo2.o
    0x08002db8   0x08002db8   0x0000000c   Code   RO          371    i.SPO2_StartInfo_Get  spo2.o
    0x08002dc4   0x08002dc4   0x00000098   Code   RO          372    i.SPO2_Start_Check  spo2.o
    0x08002e5c   0x08002e5c   0x0000008c   Code   RO          373    i.SPO2_Task         spo2.o
    0x08002ee8   0x08002ee8   0x00000068   Code   RO          374    i.SPO2_Wave_Send    spo2.o
    0x08002f50   0x08002f50   0x00000020   Code   RO          465    i.SPO2_spo2_Calculate  spo2_heartrate_calculate.o
    0x08002f70   0x08002f70   0x0000005c   Code   RO          466    i.SPO2_spo2_SmoothR  spo2_heartrate_calculate.o
    0x08002fcc   0x08002fcc   0x00000054   Code   RO          467    i.SPO2_spo2_singleR  spo2_heartrate_calculate.o
    0x08003020   0x08003020   0x00000002   Code   RO         2632    i.SVC_Handler       stm32f10x_it.o
    0x08003022   0x08003022   0x00000002   PAD
    0x08003024   0x08003024   0x000000b4   Code   RO          141    i.ScanKeyOne        keyone.o
    0x080030d8   0x080030d8   0x00000054   Code   RO          142    i.ScanKeyTask       keyone.o
    0x0800312c   0x0800312c   0x00000020   Code   RO          747    i.SendCharUsedByFputc  uart1.o
    0x0800314c   0x0800314c   0x00000008   Code   RO         2683    i.SetSysClock       system_stm32f10x.o
    0x08003154   0x08003154   0x000000e0   Code   RO         2684    i.SetSysClockTo72   system_stm32f10x.o
    0x08003234   0x08003234   0x00000090   Code   RO          562    i.Sliding_Avg_Cal   spo2_adjust.o
    0x080032c4   0x080032c4   0x00000008   Code   RO         2578    i.SysTick_Handler   systick.o
    0x080032cc   0x080032cc   0x00000060   Code   RO         2686    i.SystemInit        system_stm32f10x.o
    0x0800332c   0x0800332c   0x0000003c   Code   RO          642    i.TIM2_IRQHandler   timer.o
    0x08003368   0x08003368   0x00000028   Code   RO          846    i.TIM3_IRQHandler   adc.o
    0x08003390   0x08003390   0x00000048   Code   RO          643    i.TIM5_IRQHandler   timer.o
    0x080033d8   0x080033d8   0x00000006   Code   RO         1469    i.TIM_ClearITPendingBit  stm32f10x_tim.o
    0x080033de   0x080033de   0x00000018   Code   RO         1474    i.TIM_Cmd           stm32f10x_tim.o
    0x080033f6   0x080033f6   0x00000022   Code   RO         1495    i.TIM_GetITStatus   stm32f10x_tim.o
    0x08003418   0x08003418   0x00000012   Code   RO         1499    i.TIM_ITConfig      stm32f10x_tim.o
    0x0800342a   0x0800342a   0x00000012   Code   RO         1531    i.TIM_SelectOutputTrigger  stm32f10x_tim.o
    0x0800343c   0x0800343c   0x000000a4   Code   RO         1545    i.TIM_TimeBaseInit  stm32f10x_tim.o
    0x080034e0   0x080034e0   0x00000018   Code   RO         2579    i.TimDelayDec       systick.o
    0x080034f8   0x080034f8   0x00000098   Code   RO          748    i.USART1_IRQHandler  uart1.o
    0x08003590   0x08003590   0x00000012   Code   RO         2006    i.USART_ClearFlag   stm32f10x_usart.o
    0x080035a2   0x080035a2   0x0000001e   Code   RO         2007    i.USART_ClearITPendingBit  stm32f10x_usart.o
    0x080035c0   0x080035c0   0x00000018   Code   RO         2010    i.USART_Cmd         stm32f10x_usart.o
    0x080035d8   0x080035d8   0x0000001a   Code   RO         2013    i.USART_GetFlagStatus  stm32f10x_usart.o
    0x080035f2   0x080035f2   0x00000054   Code   RO         2014    i.USART_GetITStatus  stm32f10x_usart.o
    0x08003646   0x08003646   0x0000004a   Code   RO         2016    i.USART_ITConfig    stm32f10x_usart.o
    0x08003690   0x08003690   0x000000d8   Code   RO         2017    i.USART_Init        stm32f10x_usart.o
    0x08003768   0x08003768   0x0000000a   Code   RO         2024    i.USART_ReceiveData  stm32f10x_usart.o
    0x08003772   0x08003772   0x00000008   Code   RO         2027    i.USART_SendData    stm32f10x_usart.o
    0x0800377a   0x0800377a   0x00000018   Code   RO         2033    i.USART_StructInit  stm32f10x_usart.o
    0x08003792   0x08003792   0x00000004   Code   RO         2633    i.UsageFault_Handler  stm32f10x_it.o
    0x08003796   0x08003796   0x00000002   PAD
    0x08003798   0x08003798   0x00000018   Code   RO          847    i.WriteADCBuf       adc.o
    0x080037b0   0x080037b0   0x00000018   Code   RO          749    i.WriteReceiveBuf   uart1.o
    0x080037c8   0x080037c8   0x00000020   Code   RO         3039    i.__0printf         mc_w.l(printfa.o)
    0x080037e8   0x080037e8   0x0000000e   Code   RO         3133    i.__scatterload_copy  mc_w.l(handlers.o)
    0x080037f6   0x080037f6   0x00000002   Code   RO         3134    i.__scatterload_null  mc_w.l(handlers.o)
    0x080037f8   0x080037f8   0x0000000e   Code   RO         3135    i.__scatterload_zeroinit  mc_w.l(handlers.o)
    0x08003806   0x08003806   0x00000002   PAD
    0x08003808   0x08003808   0x00000184   Code   RO         3046    i._fp_digits        mc_w.l(printfa.o)
    0x0800398c   0x0800398c   0x000006b4   Code   RO         3047    i._printf_core      mc_w.l(printfa.o)
    0x08004040   0x08004040   0x00000024   Code   RO         3048    i._printf_post_padding  mc_w.l(printfa.o)
    0x08004064   0x08004064   0x0000002e   Code   RO         3049    i._printf_pre_padding  mc_w.l(printfa.o)
    0x08004092   0x08004092   0x00000010   Code   RO          751    i.fputc             uart1.o
    0x080040a2   0x080040a2   0x00000002   PAD
    0x080040a4   0x080040a4   0x00000040   Code   RO            5    i.main              main.o
    0x080040e4   0x080040e4   0x0000002c   Data   RO          226    .constdata          filter.o
    0x08004110   0x08004110   0x000000a8   Data   RO          469    .constdata          spo2_heartrate_calculate.o
    0x080041b8   0x080041b8   0x00000020   Data   RO         3131    Region$$Table       anon$$obj.o


    Execution Region RW_IRAM1 (Exec base: 0x20000000, Load base: 0x080041d8, Size: 0x00002e58, Max: 0x0000c000, ABSOLUTE)

    Exec Addr    Load Addr    Size         Type   Attr      Idx    E Section Name        Object

    0x20000000   0x080041d8   0x0000000a   Data   RW          143    .data               keyone.o
    0x2000000a   0x080041e2   0x00000002   Data   RW          192    .data               led.o
    0x2000000c   0x080041e4   0x00000001   Data   RW          227    .data               filter.o
    0x2000000d   0x080041e5   0x00000003   PAD
    0x20000010   0x080041e8   0x00000018   Data   RW          376    .data               spo2.o
    0x20000028   0x08004200   0x0000001c   Data   RW          470    .data               spo2_heartrate_calculate.o
    0x20000044   0x0800421c   0x0000003c   Data   RW          564    .data               spo2_adjust.o
    0x20000080   0x08004258   0x00000006   Data   RW          644    .data               timer.o
    0x20000086   0x0800425e   0x00000001   Data   RW          753    .data               uart1.o
    0x20000087   0x0800425f   0x00000001   PAD
    0x20000088   0x08004260   0x00000002   Data   RW          849    .data               adc.o
    0x2000008a   0x08004262   0x00000014   Data   RW         1290    .data               stm32f10x_rcc.o
    0x2000009e   0x08004276   0x00000002   PAD
    0x200000a0   0x08004278   0x00000004   Data   RW         2580    .data               systick.o
    0x200000a4   0x0800427c   0x00000014   Data   RW         2687    .data               system_stm32f10x.o
    0x200000b8   0x08004290   0x00000004   Data   RW         3109    .data               mc_w.l(stdout.o)
    0x200000bc        -       0x00000128   Zero   RW          225    .bss                filter.o
    0x200001e4        -       0x00000c80   Zero   RW          375    .bss                spo2.o
    0x20000e64        -       0x00001960   Zero   RW          468    .bss                spo2_heartrate_calculate.o
    0x200027c4        -       0x00000190   Zero   RW          563    .bss                spo2_adjust.o
    0x20002954        -       0x000000e0   Zero   RW          752    .bss                uart1.o
    0x20002a34        -       0x00000020   Zero   RW          848    .bss                adc.o
    0x20002a54   0x08004294   0x00000004   PAD
    0x20002a58        -       0x00000400   Zero   RW         2717    STACK               startup_stm32f10x_hd.o


==============================================================================

Image component sizes


      Code (inc. data)   RO Data    RW Data    ZI Data      Debug   Object Name

       500         56          0          2         32       4655   adc.o
       118          4          0          0          0       1468   dac.o
      1066        190         44          1        296      21913   filter.o
       376         66          0         10          0     217680   keyone.o
       156         12          0          2          0       1439   led.o
       178         38          0          0          0     279711   main.o
       132         22          0          0          0       1463   misc.o
        20          0          0          0          0        847   nvic.o
       138         48          0          0          0       3151   prockeyone.o
       190          0          0          0          0       3129   queue.o
       108          0          0          0          0        950   rcc.o
      1188        288          0         24       3200       7444   spo2.o
      1064        264          0         60        400       6863   spo2_adjust.o
      1380        176        168         28       6496      11635   spo2_heartrate_calculate.o
        36          8        304          0       1024        808   startup_stm32f10x_hd.o
       390         10          0          0          0       7176   stm32f10x_adc.o
       168         22          0          0          0       2884   stm32f10x_dac.o
       416          8          0          0          0       3322   stm32f10x_dma.o
        52         12          0          0          0       1057   stm32f10x_flash.o
       324          0          0          0          0       3669   stm32f10x_gpio.o
        24          0          0          0          0       3568   stm32f10x_it.o
       752        104          0         20          0      11265   stm32f10x_rcc.o
       264         42          0          0          0       3964   stm32f10x_tim.o
       514          6          0          0          0       7652   stm32f10x_usart.o
       328         28          0         20          0       2245   system_stm32f10x.o
       136         18          0          4          0      17195   systick.o
       392         48          0          6          0       4670   timer.o
       186          0          0          0          0       2213   u16queue.o
       580         68          0          1        224      21055   uart1.o

    ----------------------------------------------------------------------
     11198       1538        548        184      11676     655091   Object Totals
         0          0         32          0          0          0   (incl. Generated)
        22          0          0          6          4          0   (incl. Padding)

    ----------------------------------------------------------------------

      Code (inc. data)   RO Data    RW Data    ZI Data      Debug   Library Member Name

       676          0          0          0          0      19717   arm_biquad_cascade_df1_f32.o
        22          0          0          0          0       1038   arm_biquad_cascade_df1_init_f32.o
         0          0          0          0          0          0   entry.o
         0          0          0          0          0          0   entry10a.o
         0          0          0          0          0          0   entry11a.o
         4          0          0          0          0          0   entry12b.o
         8          4          0          0          0          0   entry2.o
         4          0          0          0          0          0   entry5.o
         0          0          0          0          0          0   entry7b.o
         0          0          0          0          0          0   entry8b.o
         8          4          0          0          0          0   entry9a.o
        30          0          0          0          0          0   handlers.o
        36          8          0          0          0         68   init.o
         0          0          0          0          0          0   iusefp.o
        30          0          0          0          0         68   llshl.o
        36          0          0          0          0         68   llsshr.o
        32          0          0          0          0         68   llushr.o
        36          0          0          0          0         68   memcpya.o
        36          0          0          0          0        108   memseta.o
      2218         90          0          0          0        464   printfa.o
         0          0          0          4          0          0   stdout.o
        44          0          0          0          0         80   uidiv.o
        98          0          0          0          0         92   uldiv.o
        48          0          0          0          0         68   cdrcmple.o
        20          0          0          0          0         68   cfcmple.o
        20          0          0          0          0         68   cfrcmple.o
        56          0          0          0          0         88   d2f.o
       334          0          0          0          0        148   dadd.o
       222          0          0          0          0        100   ddiv.o
       186          0          0          0          0        176   depilogue.o
        48          0          0          0          0         68   dfixul.o
       228          0          0          0          0         96   dmul.o
        38          0          0          0          0         68   f2d.o
       176          0          0          0          0        140   fadd.o
       124          0          0          0          0         88   fdiv.o
       110          0          0          0          0        168   fepilogue.o
        50          0          0          0          0         68   ffixi.o
        18          0          0          0          0         68   fflti.o
        10          0          0          0          0         68   ffltui.o
       100          0          0          0          0         76   fmul.o

    ----------------------------------------------------------------------
      5110        106          0          4          0      23463   Library Totals
         4          0          0          0          0          0   (incl. Padding)

    ----------------------------------------------------------------------

      Code (inc. data)   RO Data    RW Data    ZI Data      Debug   Library Name

       698          0          0          0          0      20755   arm_cortexM3l_math.lib
      2620        106          0          4          0       1084   mc_w.l
      1788          0          0          0          0       1624   mf_w.l

    ----------------------------------------------------------------------
      5110        106          0          4          0      23463   Library Totals

    ----------------------------------------------------------------------

==============================================================================


      Code (inc. data)   RO Data    RW Data    ZI Data      Debug   

     16308       1644        548        188      11676     668514   Grand Totals
     16308       1644        548        188      11676     668514   ELF Image Totals
     16308       1644        548        188          0          0   ROM Totals

==============================================================================

    Total RO  Size (Code + RO Data)                16856 (  16.46kB)
    Total RW  Size (RW Data + ZI Data)             11864 (  11.59kB)
    Total ROM Size (Code + RO Data + RW Data)      17044 (  16.64kB)

==============================================================================

