<html>
<body>
<pre>
<h1>礦ision Build Log</h1>
<h2>Tool Versions:</h2>
IDE-Version: μVision V5.36.0.0
Copyright (C) 2021 ARM Ltd and ARM Germany GmbH. All rights reserved.
License Information: N QK, szu, LIC=PE7DL-0WXBX-2Z9W4-FC2EL-P81HP-KNFZL
 
Tool Versions:
Toolchain:       MDK-ARM Plus  Version: 5.36.0.0
Toolchain Path:  C:\Keil_v5\ARM\ARMCC\Bin
C Compiler:      Armcc.exe V5.06 update 7 (build 960)
Assembler:       Armasm.exe V5.06 update 7 (build 960)
Linker/Locator:  ArmLink.exe V5.06 update 7 (build 960)
Library Manager: ArmAr.exe V5.06 update 7 (build 960)
Hex Converter:   FromElf.exe V5.06 update 7 (build 960)
CPU DLL:         SARMCM3.DLL V5.36.0.0
Dialog DLL:      DCM.DLL V1.17.3.0
Target DLL:      STLink\ST-LINKIII-KEIL_SWO.dll V3.0.9.0
Dialog DLL:      TCM.DLL V1.53.0.0
 
<h2>Project:</h2>
D:\Computer Studying\三参\血氧\RESPnqkBoard_2025.1.14_V1.0\Project\STM32KeilPrj.uvprojx
Project File Date:  01/24/2026

<h2>Output:</h2>
*** Using Compiler 'V5.06 update 7 (build 960)', folder: 'C:\Keil_v5\ARM\ARMCC\Bin'
Rebuild target 'Target 1'
compiling Main.c...
compiling Filter.c...
..\App\Filter\Filter.c(53): warning:  #177-D: variable "RESP_Filter_butterworth_NotchInc"  was declared but never referenced
  static float  RESP_Filter_butterworth_NotchInc = 
..\App\Filter\Filter.c: 1 warning, 0 errors
compiling KeyOne.c...
compiling ProcKeyOne.c...
compiling stm32f10x_usart.c...
compiling RESP.c...
..\App\RESP\RESP.c(69): warning:  #177-D: function "RESP_LEADOFF_Check"  was declared but never referenced
  static u8 RESP_LEADOFF_Check(void);              //检查导联脱落（这里引脚待补充）
..\App\RESP\RESP.c: 1 warning, 0 errors
compiling Queue.c...
compiling RESP_HeartRate_Calculate.c...
compiling U16Queue.c...
compiling stm32f10x_gpio.c...
compiling LED.c...
compiling stm32f10x_rcc.c...
assembling startup_stm32f10x_hd.s...
compiling stm32f10x_flash.c...
compiling stm32f10x_dac.c...
compiling RCC.c...
compiling core_cm3.c...
compiling UART1.c...
compiling NVIC.c...
compiling Timer.c...
compiling SysTick.c...
compiling DAC.c...
compiling stm32f10x_adc.c...
compiling misc.c...
compiling stm32f10x_dma.c...
compiling ADC.c...
compiling stm32f10x_tim.c...
compiling system_stm32f10x.c...
compiling stm32f10x_it.c...
linking...
Program Size: Code=13952 RO-data=832 RW-data=104 ZI-data=11288  
FromELF: creating hex file...
".\Objects\STM32KeilPrj.axf" - 0 Error(s), 2 Warning(s).

<h2>Software Packages used:</h2>

Package Vendor: Keil
                http://www.keil.com/pack/Keil.STM32F1xx_DFP.2.3.0.pack
                Keil.STM32F1xx_DFP.2.3.0
                STMicroelectronics STM32F1 Series Device Support, Drivers and Examples

<h2>Collection of Component include folders:</h2>
  C:\Users\NQK\AppData\Local\Arm\Packs\Keil\STM32F1xx_DFP\2.3.0\Device\Include

<h2>Collection of Component Files used:</h2>
Build Time Elapsed:  00:00:02
</pre>
</body>
</html>
